usbd_conf.c:70:6:HAL_PCD_MspInit	48	static
usbd_conf.c:123:6:HAL_PCD_MspDeInit	24	static
usbd_conf.c:172:6:HAL_PCD_SetupStageCallback	16	static
usbd_conf.c:187:6:HAL_PCD_DataOutStageCallback	16	static
usbd_conf.c:202:6:HAL_PCD_DataInStageCallback	16	static
usbd_conf.c:216:6:HAL_PCD_SOFCallback	16	static
usbd_conf.c:230:6:HAL_PCD_ResetCallback	24	static
usbd_conf.c:255:6:HAL_PCD_SuspendCallback	16	static
usbd_conf.c:280:6:HAL_PCD_ResumeCallback	16	static
usbd_conf.c:305:6:HAL_PCD_ISOOUTIncompleteCallback	16	static
usbd_conf.c:320:6:HAL_PCD_ISOINIncompleteCallback	16	static
usbd_conf.c:334:6:HAL_PCD_ConnectCallback	16	static
usbd_conf.c:348:6:HAL_PCD_DisconnectCallback	16	static
usbd_conf.c:363:20:USBD_LL_Init	16	static
usbd_conf.c:413:20:USBD_LL_DeInit	24	static
usbd_conf.c:445:20:USBD_LL_Start	24	static
usbd_conf.c:477:20:USBD_LL_Stop	24	static
usbd_conf.c:512:20:USBD_LL_OpenEP	24	static
usbd_conf.c:545:20:USBD_LL_CloseEP	24	static
usbd_conf.c:578:20:USBD_LL_FlushEP	24	static
usbd_conf.c:611:20:USBD_LL_StallEP	24	static
usbd_conf.c:644:20:USBD_LL_ClearStallEP	24	static
usbd_conf.c:677:9:USBD_LL_IsStallEP	24	static
usbd_conf.c:697:20:USBD_LL_SetUSBAddress	24	static
usbd_conf.c:732:20:USBD_LL_Transmit	32	static
usbd_conf.c:767:20:USBD_LL_PrepareReceive	32	static
usbd_conf.c:800:10:USBD_LL_GetRxDataSize	16	static
usbd_conf.c:810:6:USBD_LL_Delay	16	static
usbd_conf.c:820:7:USBD_static_malloc	16	static
usbd_conf.c:831:6:USBD_static_free	16	static
usbd_conf.c:842:13:SystemClockConfig_Resume	8	static
