Archive member included to satisfy reference by file (symbol)

/opt/stm32cubeide/plugins/com.st.stm32cube.ide.mcu.externaltools.gnu-tools-for-stm32.9-2020-q2-update.linux64_1.5.0.202011040924/tools/bin/../lib/gcc/arm-none-eabi/9.3.1/../../../../arm-none-eabi/lib/thumb/v7e-m+fp/hard/libc_nano.a(lib_a-errno.o)
                              Core/Src/syscalls.o (__errno)
/opt/stm32cubeide/plugins/com.st.stm32cube.ide.mcu.externaltools.gnu-tools-for-stm32.9-2020-q2-update.linux64_1.5.0.202011040924/tools/bin/../lib/gcc/arm-none-eabi/9.3.1/../../../../arm-none-eabi/lib/thumb/v7e-m+fp/hard/libc_nano.a(lib_a-exit.o)
                              /opt/stm32cubeide/plugins/com.st.stm32cube.ide.mcu.externaltools.gnu-tools-for-stm32.9-2020-q2-update.linux64_1.5.0.202011040924/tools/bin/../lib/gcc/arm-none-eabi/9.3.1/../../../../arm-none-eabi/lib/thumb/v7e-m+fp/hard/crt0.o (exit)
/opt/stm32cubeide/plugins/com.st.stm32cube.ide.mcu.externaltools.gnu-tools-for-stm32.9-2020-q2-update.linux64_1.5.0.202011040924/tools/bin/../lib/gcc/arm-none-eabi/9.3.1/../../../../arm-none-eabi/lib/thumb/v7e-m+fp/hard/libc_nano.a(lib_a-impure.o)
                              /opt/stm32cubeide/plugins/com.st.stm32cube.ide.mcu.externaltools.gnu-tools-for-stm32.9-2020-q2-update.linux64_1.5.0.202011040924/tools/bin/../lib/gcc/arm-none-eabi/9.3.1/../../../../arm-none-eabi/lib/thumb/v7e-m+fp/hard/libc_nano.a(lib_a-exit.o) (_global_impure_ptr)
/opt/stm32cubeide/plugins/com.st.stm32cube.ide.mcu.externaltools.gnu-tools-for-stm32.9-2020-q2-update.linux64_1.5.0.202011040924/tools/bin/../lib/gcc/arm-none-eabi/9.3.1/../../../../arm-none-eabi/lib/thumb/v7e-m+fp/hard/libc_nano.a(lib_a-init.o)
                              /opt/stm32cubeide/plugins/com.st.stm32cube.ide.mcu.externaltools.gnu-tools-for-stm32.9-2020-q2-update.linux64_1.5.0.202011040924/tools/bin/../lib/gcc/arm-none-eabi/9.3.1/../../../../arm-none-eabi/lib/thumb/v7e-m+fp/hard/crt0.o (__libc_init_array)
/opt/stm32cubeide/plugins/com.st.stm32cube.ide.mcu.externaltools.gnu-tools-for-stm32.9-2020-q2-update.linux64_1.5.0.202011040924/tools/bin/../lib/gcc/arm-none-eabi/9.3.1/../../../../arm-none-eabi/lib/thumb/v7e-m+fp/hard/libc_nano.a(lib_a-memset.o)
                              /opt/stm32cubeide/plugins/com.st.stm32cube.ide.mcu.externaltools.gnu-tools-for-stm32.9-2020-q2-update.linux64_1.5.0.202011040924/tools/bin/../lib/gcc/arm-none-eabi/9.3.1/../../../../arm-none-eabi/lib/thumb/v7e-m+fp/hard/crt0.o (memset)
/opt/stm32cubeide/plugins/com.st.stm32cube.ide.mcu.externaltools.gnu-tools-for-stm32.9-2020-q2-update.linux64_1.5.0.202011040924/tools/bin/../lib/gcc/arm-none-eabi/9.3.1/../../../../arm-none-eabi/lib/thumb/v7e-m+fp/hard/libc_nano.a(lib_a-strlen.o)
                              Core/Src/main.o (strlen)

Allocating common symbols
Common symbol       size              file

hUsbDeviceFS        0x2d0             USB_DEVICE/App/usb_device.o
htim8               0x4c              Core/Src/tim.o
hpcd_USB_OTG_FS     0x408             USB_DEVICE/Target/usbd_conf.o
uwTick              0x4               Drivers/STM32L4xx_HAL_Driver/Src/stm32l4xx_hal.o
UserRxBufferFS      0x800             USB_DEVICE/App/usbd_cdc_if.o
USB_Rx              0x4               Core/Src/main.o
UserTxBufferFS      0x800             USB_DEVICE/App/usbd_cdc_if.o
MsgFromUsb          0x4               USB_DEVICE/App/usbd_cdc_if.o
TxHeader_SetLED     0x18              Core/Src/main.o
htim1               0x4c              Core/Src/tim.o
hcan1               0x28              Core/Src/can.o
TxHeader            0x18              Core/Src/main.o
TxHeader_Connectivity
                    0x18              Core/Src/main.o
RxHeader            0x1c              Core/Src/main.o
USBD_StrDesc        0x200             USB_DEVICE/App/usbd_desc.o

Discarded input sections

 .text          0x0000000000000000        0x0 /opt/stm32cubeide/plugins/com.st.stm32cube.ide.mcu.externaltools.gnu-tools-for-stm32.9-2020-q2-update.linux64_1.5.0.202011040924/tools/bin/../lib/gcc/arm-none-eabi/9.3.1/thumb/v7e-m+fp/hard/crti.o
 .data          0x0000000000000000        0x0 /opt/stm32cubeide/plugins/com.st.stm32cube.ide.mcu.externaltools.gnu-tools-for-stm32.9-2020-q2-update.linux64_1.5.0.202011040924/tools/bin/../lib/gcc/arm-none-eabi/9.3.1/thumb/v7e-m+fp/hard/crti.o
 .bss           0x0000000000000000        0x0 /opt/stm32cubeide/plugins/com.st.stm32cube.ide.mcu.externaltools.gnu-tools-for-stm32.9-2020-q2-update.linux64_1.5.0.202011040924/tools/bin/../lib/gcc/arm-none-eabi/9.3.1/thumb/v7e-m+fp/hard/crti.o
 .data          0x0000000000000000        0x4 /opt/stm32cubeide/plugins/com.st.stm32cube.ide.mcu.externaltools.gnu-tools-for-stm32.9-2020-q2-update.linux64_1.5.0.202011040924/tools/bin/../lib/gcc/arm-none-eabi/9.3.1/thumb/v7e-m+fp/hard/crtbegin.o
[...]
Memory Configuration

Name             Origin             Length             Attributes
RAM              0x0000000020000000 0x00000000000a0000 xrw
FLASH            0x0000000008000000 0x0000000000200000 xr
*default*        0x0000000000000000 0xffffffffffffffff

Linker script and memory map

LOAD /opt/stm32cubeide/plugins/com.st.stm32cube.ide.mcu.externaltools.gnu-tools-for-stm32.9-2020-q2-update.linux64_1.5.0.202011040924/tools/bin/../lib/gcc/arm-none-eabi/9.3.1/thumb/v7e-m+fp/hard/crti.o
LOAD /opt/stm32cubeide/plugins/com.st.stm32cube.ide.mcu.externaltools.gnu-tools-for-stm32.9-2020-q2-update.linux64_1.5.0.202011040924/tools/bin/../lib/gcc/arm-none-eabi/9.3.1/thumb/v7e-m+fp/hard/crtbegin.o
LOAD /opt/stm32cubeide/plugins/com.st.stm32cube.ide.mcu.externaltools.gnu-tools-for-stm32.9-2020-q2-update.linux64_1.5.0.202011040924/tools/bin/../lib/gcc/arm-none-eabi/9.3.1/../../../../arm-none-eabi/lib/thumb/v7e-m+fp/hard/crt0.o
LOAD Core/Src/can.o
LOAD Core/Src/gpio.o
LOAD Core/Src/main.o
LOAD Core/Src/stm32l4xx_hal_msp.o
LOAD Core/Src/stm32l4xx_it.o
LOAD Core/Src/syscalls.o
LOAD Core/Src/sysmem.o
LOAD Core/Src/system_stm32l4xx.o
LOAD Core/Src/tim.o
LOAD Core/Startup/startup_stm32l4r5zitx.o
LOAD Drivers/STM32L4xx_HAL_Driver/Src/stm32l4xx_hal.o
LOAD Drivers/STM32L4xx_HAL_Driver/Src/stm32l4xx_hal_can.o
LOAD Drivers/STM32L4xx_HAL_Driver/Src/stm32l4xx_hal_cortex.o
LOAD Drivers/STM32L4xx_HAL_Driver/Src/stm32l4xx_hal_dma.o
LOAD Drivers/STM32L4xx_HAL_Driver/Src/stm32l4xx_hal_dma_ex.o
LOAD Drivers/STM32L4xx_HAL_Driver/Src/stm32l4xx_hal_exti.o
LOAD Drivers/STM32L4xx_HAL_Driver/Src/stm32l4xx_hal_flash.o
LOAD Drivers/STM32L4xx_HAL_Driver/Src/stm32l4xx_hal_flash_ex.o
LOAD Drivers/STM32L4xx_HAL_Driver/Src/stm32l4xx_hal_flash_ramfunc.o
LOAD Drivers/STM32L4xx_HAL_Driver/Src/stm32l4xx_hal_gpio.o
LOAD Drivers/STM32L4xx_HAL_Driver/Src/stm32l4xx_hal_i2c.o
LOAD Drivers/STM32L4xx_HAL_Driver/Src/stm32l4xx_hal_i2c_ex.o
LOAD Drivers/STM32L4xx_HAL_Driver/Src/stm32l4xx_hal_pcd.o
LOAD Drivers/STM32L4xx_HAL_Driver/Src/stm32l4xx_hal_pcd_ex.o
LOAD Drivers/STM32L4xx_HAL_Driver/Src/stm32l4xx_hal_pwr.o
LOAD Drivers/STM32L4xx_HAL_Driver/Src/stm32l4xx_hal_pwr_ex.o
LOAD Drivers/STM32L4xx_HAL_Driver/Src/stm32l4xx_hal_rcc.o
LOAD Drivers/STM32L4xx_HAL_Driver/Src/stm32l4xx_hal_rcc_ex.o
LOAD Drivers/STM32L4xx_HAL_Driver/Src/stm32l4xx_hal_tim.o
LOAD Drivers/STM32L4xx_HAL_Driver/Src/stm32l4xx_hal_tim_ex.o
LOAD Drivers/STM32L4xx_HAL_Driver/Src/stm32l4xx_ll_usb.o
LOAD Middlewares/ST/STM32_USB_Device_Library/Class/CDC/Src/usbd_cdc.o
LOAD Middlewares/ST/STM32_USB_Device_Library/Core/Src/usbd_core.o
LOAD Middlewares/ST/STM32_USB_Device_Library/Core/Src/usbd_ctlreq.o
LOAD Middlewares/ST/STM32_USB_Device_Library/Core/Src/usbd_ioreq.o
LOAD USB_DEVICE/App/usb_device.o
LOAD USB_DEVICE/App/usbd_cdc_if.o
LOAD USB_DEVICE/App/usbd_desc.o
LOAD USB_DEVICE/Target/usbd_conf.o
START GROUP
LOAD /opt/stm32cubeide/plugins/com.st.stm32cube.ide.mcu.externaltools.gnu-tools-for-stm32.9-2020-q2-update.linux64_1.5.0.202011040924/tools/bin/../lib/gcc/arm-none-eabi/9.3.1/../../../../arm-none-eabi/lib/thumb/v7e-m+fp/hard/libc_nano.a
LOAD /opt/stm32cubeide/plugins/com.st.stm32cube.ide.mcu.externaltools.gnu-tools-for-stm32.9-2020-q2-update.linux64_1.5.0.202011040924/tools/bin/../lib/gcc/arm-none-eabi/9.3.1/../../../../arm-none-eabi/lib/thumb/v7e-m+fp/hard/libm.a
END GROUP
START GROUP
LOAD /opt/stm32cubeide/plugins/com.st.stm32cube.ide.mcu.externaltools.gnu-tools-for-stm32.9-2020-q2-update.linux64_1.5.0.202011040924/tools/bin/../lib/gcc/arm-none-eabi/9.3.1/thumb/v7e-m+fp/hard/libgcc.a
LOAD /opt/stm32cubeide/plugins/com.st.stm32cube.ide.mcu.externaltools.gnu-tools-for-stm32.9-2020-q2-update.linux64_1.5.0.202011040924/tools/bin/../lib/gcc/arm-none-eabi/9.3.1/../../../../arm-none-eabi/lib/thumb/v7e-m+fp/hard/libc_nano.a
END GROUP
START GROUP
LOAD /opt/stm32cubeide/plugins/com.st.stm32cube.ide.mcu.externaltools.gnu-tools-for-stm32.9-2020-q2-update.linux64_1.5.0.202011040924/tools/bin/../lib/gcc/arm-none-eabi/9.3.1/thumb/v7e-m+fp/hard/libgcc.a
LOAD /opt/stm32cubeide/plugins/com.st.stm32cube.ide.mcu.externaltools.gnu-tools-for-stm32.9-2020-q2-update.linux64_1.5.0.202011040924/tools/bin/../lib/gcc/arm-none-eabi/9.3.1/../../../../arm-none-eabi/lib/thumb/v7e-m+fp/hard/libc_nano.a
LOAD /opt/stm32cubeide/plugins/com.st.stm32cube.ide.mcu.externaltools.gnu-tools-for-stm32.9-2020-q2-update.linux64_1.5.0.202011040924/tools/bin/../lib/gcc/arm-none-eabi/9.3.1/../../../../arm-none-eabi/lib/thumb/v7e-m+fp/hard/libnosys.a
END GROUP
START GROUP
LOAD /opt/stm32cubeide/plugins/com.st.stm32cube.ide.mcu.externaltools.gnu-tools-for-stm32.9-2020-q2-update.linux64_1.5.0.202011040924/tools/bin/../lib/gcc/arm-none-eabi/9.3.1/thumb/v7e-m+fp/hard/libgcc.a
LOAD /opt/stm32cubeide/plugins/com.st.stm32cube.ide.mcu.externaltools.gnu-tools-for-stm32.9-2020-q2-update.linux64_1.5.0.202011040924/tools/bin/../lib/gcc/arm-none-eabi/9.3.1/../../../../arm-none-eabi/lib/thumb/v7e-m+fp/hard/libc_nano.a
LOAD /opt/stm32cubeide/plugins/com.st.stm32cube.ide.mcu.externaltools.gnu-tools-for-stm32.9-2020-q2-update.linux64_1.5.0.202011040924/tools/bin/../lib/gcc/arm-none-eabi/9.3.1/../../../../arm-none-eabi/lib/thumb/v7e-m+fp/hard/libnosys.a
END GROUP
LOAD /opt/stm32cubeide/plugins/com.st.stm32cube.ide.mcu.externaltools.gnu-tools-for-stm32.9-2020-q2-update.linux64_1.5.0.202011040924/tools/bin/../lib/gcc/arm-none-eabi/9.3.1/thumb/v7e-m+fp/hard/crtend.o
LOAD /opt/stm32cubeide/plugins/com.st.stm32cube.ide.mcu.externaltools.gnu-tools-for-stm32.9-2020-q2-update.linux64_1.5.0.202011040924/tools/bin/../lib/gcc/arm-none-eabi/9.3.1/thumb/v7e-m+fp/hard/crtn.o
                0x00000000200a0000                _estack = (ORIGIN (RAM) + LENGTH (RAM))
                0x0000000000000200                _Min_Heap_Size = 0x200
                0x0000000000000400                _Min_Stack_Size = 0x400

.isr_vector     0x0000000008000000      0x1bc
                0x0000000008000000                . = ALIGN (0x4)
 *(.isr_vector)
 .isr_vector    0x0000000008000000      0x1bc Core/Startup/startup_stm32l4r5zitx.o
                0x0000000008000000                g_pfnVectors
                0x00000000080001bc                . = ALIGN (0x4)

.text           0x00000000080001bc     0x8edc
                0x00000000080001bc                . = ALIGN (0x4)
 *(.text)
 .text          0x00000000080001bc       0x40 /opt/stm32cubeide/plugins/com.st.stm32cube.ide.mcu.externaltools.gnu-tools-for-stm32.9-2020-q2-update.linux64_1.5.0.202011040924/tools/bin/../lib/gcc/arm-none-eabi/9.3.1/thumb/v7e-m+fp/hard/crtbegin.o
 .text          0x00000000080001fc       0x10 /opt/stm32cubeide/plugins/com.st.stm32cube.ide.mcu.externaltools.gnu-tools-for-stm32.9-2020-q2-update.linux64_1.5.0.202011040924/tools/bin/../lib/gcc/arm-none-eabi/9.3.1/../../../../arm-none-eabi/lib/thumb/v7e-m+fp/hard/libc_nano.a(lib_a-strlen.o)
                0x00000000080001fc                strlen
 *(.text*)
 .text.MX_CAN1_Init
                0x000000000800020c       0xac Core/Src/can.o
                0x000000000800020c                MX_CAN1_Init
 .text.HAL_CAN_MspInit
                0x00000000080002b8       0x98 Core/Src/can.o
                0x00000000080002b8                HAL_CAN_MspInit
 .text.MX_GPIO_Init
                0x0000000008000350      0x1c8 Core/Src/gpio.o
                0x0000000008000350                MX_GPIO_Init
 .text.__NVIC_ClearPendingIRQ
                0x0000000008000518       0x3c Core/Src/main.o
 .text.HAL_CAN_RxFifo0MsgPendingCallback
                0x0000000008000554       0xf0 Core/Src/main.o
                0x0000000008000554                HAL_CAN_RxFifo0MsgPendingCallback
 .text.HAL_GPIO_EXTI_Callback
                0x0000000008000644       0xc4 Core/Src/main.o
                0x0000000008000644                HAL_GPIO_EXTI_Callback
 .text.HAL_TIM_PeriodElapsedCallback
                0x0000000008000708      0x100 Core/Src/main.o
                0x0000000008000708                HAL_TIM_PeriodElapsedCallback
 .text.main     0x0000000008000808      0x138 Core/Src/main.o
                0x0000000008000808                main
 .text.SystemClock_Config
                0x0000000008000940       0xf8 Core/Src/main.o
                0x0000000008000940                SystemClock_Config
 .text.Error_Handler
                0x0000000008000a38        0xa Core/Src/main.o
                0x0000000008000a38                Error_Handler
 *fill*         0x0000000008000a42        0x2 
 .text.HAL_MspInit
                0x0000000008000a44       0x48 Core/Src/stm32l4xx_hal_msp.o
                0x0000000008000a44                HAL_MspInit
 .text.NMI_Handler
                0x0000000008000a8c        0x6 Core/Src/stm32l4xx_it.o
                0x0000000008000a8c                NMI_Handler
 .text.HardFault_Handler
                0x0000000008000a92        0x6 Core/Src/stm32l4xx_it.o
                0x0000000008000a92                HardFault_Handler
 .text.MemManage_Handler
                0x0000000008000a98        0x6 Core/Src/stm32l4xx_it.o
                0x0000000008000a98                MemManage_Handler
 .text.BusFault_Handler
                0x0000000008000a9e        0x6 Core/Src/stm32l4xx_it.o
                0x0000000008000a9e                BusFault_Handler
 .text.UsageFault_Handler
                0x0000000008000aa4        0x6 Core/Src/stm32l4xx_it.o
                0x0000000008000aa4                UsageFault_Handler
 .text.SVC_Handler
                0x0000000008000aaa        0xe Core/Src/stm32l4xx_it.o
                0x0000000008000aaa                SVC_Handler
 .text.DebugMon_Handler
                0x0000000008000ab8        0xe Core/Src/stm32l4xx_it.o
                0x0000000008000ab8                DebugMon_Handler
 .text.PendSV_Handler
                0x0000000008000ac6        0xe Core/Src/stm32l4xx_it.o
                0x0000000008000ac6                PendSV_Handler
 .text.SysTick_Handler
                0x0000000008000ad4        0xc Core/Src/stm32l4xx_it.o
                0x0000000008000ad4                SysTick_Handler
 .text.CAN1_RX0_IRQHandler
                0x0000000008000ae0       0x14 Core/Src/stm32l4xx_it.o
                0x0000000008000ae0                CAN1_RX0_IRQHandler
 .text.TIM1_UP_TIM16_IRQHandler
                0x0000000008000af4       0x14 Core/Src/stm32l4xx_it.o
                0x0000000008000af4                TIM1_UP_TIM16_IRQHandler
 .text.EXTI15_10_IRQHandler
                0x0000000008000b08       0x10 Core/Src/stm32l4xx_it.o
                0x0000000008000b08                EXTI15_10_IRQHandler
 .text.TIM8_UP_IRQHandler
                0x0000000008000b18       0x14 Core/Src/stm32l4xx_it.o
                0x0000000008000b18                TIM8_UP_IRQHandler
 .text.OTG_FS_IRQHandler
                0x0000000008000b2c       0x14 Core/Src/stm32l4xx_it.o
                0x0000000008000b2c                OTG_FS_IRQHandler
 .text.SystemInit
                0x0000000008000b40       0x64 Core/Src/system_stm32l4xx.o
                0x0000000008000b40                SystemInit
 .text.MX_TIM1_Init
                0x0000000008000ba4       0xa8 Core/Src/tim.o
                0x0000000008000ba4                MX_TIM1_Init
 .text.MX_TIM8_Init
                0x0000000008000c4c       0xa8 Core/Src/tim.o
                0x0000000008000c4c                MX_TIM8_Init
 .text.HAL_TIM_Base_MspInit
                0x0000000008000cf4       0x84 Core/Src/tim.o
                0x0000000008000cf4                HAL_TIM_Base_MspInit
 .text.Reset_Handler
                0x0000000008000d78       0x50 Core/Startup/startup_stm32l4r5zitx.o
                0x0000000008000d78                Reset_Handler
 .text.Default_Handler
                0x0000000008000dc8        0x2 Core/Startup/startup_stm32l4r5zitx.o
                0x0000000008000dc8                RTC_Alarm_IRQHandler
                0x0000000008000dc8                EXTI2_IRQHandler
                0x0000000008000dc8                TIM8_TRG_COM_IRQHandler
                0x0000000008000dc8                TIM8_CC_IRQHandler
                0x0000000008000dc8                TIM1_CC_IRQHandler
                0x0000000008000dc8                TSC_IRQHandler
                0x0000000008000dc8                TAMP_STAMP_IRQHandler
                0x0000000008000dc8                EXTI3_IRQHandler
                0x0000000008000dc8                LPTIM2_IRQHandler
                0x0000000008000dc8                DFSDM1_FLT1_IRQHandler
                0x0000000008000dc8                GFXMMU_IRQHandler
                0x0000000008000dc8                I2C3_ER_IRQHandler
                0x0000000008000dc8                DFSDM1_FLT2_IRQHandler
                0x0000000008000dc8                EXTI0_IRQHandler
                0x0000000008000dc8                I2C2_EV_IRQHandler
                0x0000000008000dc8                FPU_IRQHandler
                0x0000000008000dc8                LTDC_ER_IRQHandler
                0x0000000008000dc8                SPI1_IRQHandler
                0x0000000008000dc8                OCTOSPI1_IRQHandler
                0x0000000008000dc8                TIM6_DAC_IRQHandler
                0x0000000008000dc8                DCMI_IRQHandler
                0x0000000008000dc8                OCTOSPI2_IRQHandler
                0x0000000008000dc8                DMA2_Channel2_IRQHandler
                0x0000000008000dc8                DMA1_Channel4_IRQHandler
                0x0000000008000dc8                SAI2_IRQHandler
                0x0000000008000dc8                ADC1_IRQHandler
                0x0000000008000dc8                DFSDM1_FLT3_IRQHandler
                0x0000000008000dc8                USART3_IRQHandler
                0x0000000008000dc8                DMA1_Channel7_IRQHandler
                0x0000000008000dc8                CAN1_RX1_IRQHandler
                0x0000000008000dc8                UART5_IRQHandler
                0x0000000008000dc8                TIM4_IRQHandler
                0x0000000008000dc8                DMA2_Channel1_IRQHandler
                0x0000000008000dc8                I2C1_EV_IRQHandler
                0x0000000008000dc8                DMAMUX1_OVR_IRQHandler
                0x0000000008000dc8                DMA1_Channel6_IRQHandler
                0x0000000008000dc8                UART4_IRQHandler
                0x0000000008000dc8                DMA2_Channel4_IRQHandler
                0x0000000008000dc8                TIM3_IRQHandler
                0x0000000008000dc8                RCC_IRQHandler
                0x0000000008000dc8                DMA1_Channel1_IRQHandler
                0x0000000008000dc8                Default_Handler
                0x0000000008000dc8                DMA2_Channel7_IRQHandler
                0x0000000008000dc8                TIM7_IRQHandler
                0x0000000008000dc8                SDMMC1_IRQHandler
                0x0000000008000dc8                TIM5_IRQHandler
                0x0000000008000dc8                I2C3_EV_IRQHandler
                0x0000000008000dc8                EXTI9_5_IRQHandler
                0x0000000008000dc8                RTC_WKUP_IRQHandler
                0x0000000008000dc8                LTDC_IRQHandler
                0x0000000008000dc8                PVD_PVM_IRQHandler
                0x0000000008000dc8                SPI2_IRQHandler
                0x0000000008000dc8                CAN1_TX_IRQHandler
                0x0000000008000dc8                DMA2_Channel5_IRQHandler
                0x0000000008000dc8                CRS_IRQHandler
                0x0000000008000dc8                DMA1_Channel5_IRQHandler
                0x0000000008000dc8                EXTI4_IRQHandler
                0x0000000008000dc8                RNG_IRQHandler
                0x0000000008000dc8                TIM1_TRG_COM_TIM17_IRQHandler
                0x0000000008000dc8                DMA1_Channel3_IRQHandler
                0x0000000008000dc8                COMP_IRQHandler
                0x0000000008000dc8                WWDG_IRQHandler
                0x0000000008000dc8                I2C4_EV_IRQHandler
                0x0000000008000dc8                LPUART1_IRQHandler
                0x0000000008000dc8                DMA2_Channel6_IRQHandler
                0x0000000008000dc8                TIM2_IRQHandler
                0x0000000008000dc8                DMA2D_IRQHandler
                0x0000000008000dc8                EXTI1_IRQHandler
                0x0000000008000dc8                USART2_IRQHandler
                0x0000000008000dc8                DFSDM1_FLT0_IRQHandler
                0x0000000008000dc8                I2C2_ER_IRQHandler
                0x0000000008000dc8                DMA1_Channel2_IRQHandler
                0x0000000008000dc8                TIM8_BRK_IRQHandler
                0x0000000008000dc8                CAN1_SCE_IRQHandler
                0x0000000008000dc8                FLASH_IRQHandler
                0x0000000008000dc8                USART1_IRQHandler
                0x0000000008000dc8                SPI3_IRQHandler
                0x0000000008000dc8                I2C1_ER_IRQHandler
                0x0000000008000dc8                FMC_IRQHandler
                0x0000000008000dc8                LPTIM1_IRQHandler
                0x0000000008000dc8                I2C4_ER_IRQHandler
                0x0000000008000dc8                SAI1_IRQHandler
                0x0000000008000dc8                DMA2_Channel3_IRQHandler
                0x0000000008000dc8                TIM1_BRK_TIM15_IRQHandler
 .text.HAL_Init
                0x0000000008000dca       0x30 Drivers/STM32L4xx_HAL_Driver/Src/stm32l4xx_hal.o
                0x0000000008000dca                HAL_Init
 *fill*         0x0000000008000dfa        0x2 
 .text.HAL_InitTick
                0x0000000008000dfc       0x78 Drivers/STM32L4xx_HAL_Driver/Src/stm32l4xx_hal.o
                0x0000000008000dfc                HAL_InitTick
 .text.HAL_IncTick
                0x0000000008000e74       0x28 Drivers/STM32L4xx_HAL_Driver/Src/stm32l4xx_hal.o
                0x0000000008000e74                HAL_IncTick
 .text.HAL_GetTick
                0x0000000008000e9c       0x18 Drivers/STM32L4xx_HAL_Driver/Src/stm32l4xx_hal.o
                0x0000000008000e9c                HAL_GetTick
 .text.HAL_Delay
                0x0000000008000eb4       0x48 Drivers/STM32L4xx_HAL_Driver/Src/stm32l4xx_hal.o
                0x0000000008000eb4                HAL_Delay
 .text.HAL_CAN_Init
                0x0000000008000efc      0x1f6 Drivers/STM32L4xx_HAL_Driver/Src/stm32l4xx_hal_can.o
                0x0000000008000efc                HAL_CAN_Init
 .text.HAL_CAN_ConfigFilter
                0x00000000080010f2      0x194 Drivers/STM32L4xx_HAL_Driver/Src/stm32l4xx_hal_can.o
                0x00000000080010f2                HAL_CAN_ConfigFilter
 .text.HAL_CAN_Start
                0x0000000008001286       0x88 Drivers/STM32L4xx_HAL_Driver/Src/stm32l4xx_hal_can.o
                0x0000000008001286                HAL_CAN_Start
 .text.HAL_CAN_AddTxMessage
                0x000000000800130e      0x1b6 Drivers/STM32L4xx_HAL_Driver/Src/stm32l4xx_hal_can.o
                0x000000000800130e                HAL_CAN_AddTxMessage
 .text.HAL_CAN_GetTxMailboxesFreeLevel
                0x00000000080014c4       0x6a Drivers/STM32L4xx_HAL_Driver/Src/stm32l4xx_hal_can.o
                0x00000000080014c4                HAL_CAN_GetTxMailboxesFreeLevel
 .text.HAL_CAN_IsTxMessagePending
                0x000000000800152e       0x48 Drivers/STM32L4xx_HAL_Driver/Src/stm32l4xx_hal_can.o
                0x000000000800152e                HAL_CAN_IsTxMessagePending
 .text.HAL_CAN_GetRxMessage
                0x0000000008001576      0x224 Drivers/STM32L4xx_HAL_Driver/Src/stm32l4xx_hal_can.o
                0x0000000008001576                HAL_CAN_GetRxMessage
 .text.HAL_CAN_ActivateNotification
                0x000000000800179a       0x4c Drivers/STM32L4xx_HAL_Driver/Src/stm32l4xx_hal_can.o
                0x000000000800179a                HAL_CAN_ActivateNotification
 .text.HAL_CAN_IRQHandler
                0x00000000080017e6      0x36e Drivers/STM32L4xx_HAL_Driver/Src/stm32l4xx_hal_can.o
                0x00000000080017e6                HAL_CAN_IRQHandler
 .text.HAL_CAN_TxMailbox0CompleteCallback
                0x0000000008001b54       0x14 Drivers/STM32L4xx_HAL_Driver/Src/stm32l4xx_hal_can.o
                0x0000000008001b54                HAL_CAN_TxMailbox0CompleteCallback
 .text.HAL_CAN_TxMailbox1CompleteCallback
                0x0000000008001b68       0x14 Drivers/STM32L4xx_HAL_Driver/Src/stm32l4xx_hal_can.o
                0x0000000008001b68                HAL_CAN_TxMailbox1CompleteCallback
 .text.HAL_CAN_TxMailbox2CompleteCallback
                0x0000000008001b7c       0x14 Drivers/STM32L4xx_HAL_Driver/Src/stm32l4xx_hal_can.o
                0x0000000008001b7c                HAL_CAN_TxMailbox2CompleteCallback
 .text.HAL_CAN_TxMailbox0AbortCallback
                0x0000000008001b90       0x14 Drivers/STM32L4xx_HAL_Driver/Src/stm32l4xx_hal_can.o
                0x0000000008001b90                HAL_CAN_TxMailbox0AbortCallback
 .text.HAL_CAN_TxMailbox1AbortCallback
                0x0000000008001ba4       0x14 Drivers/STM32L4xx_HAL_Driver/Src/stm32l4xx_hal_can.o
                0x0000000008001ba4                HAL_CAN_TxMailbox1AbortCallback
 .text.HAL_CAN_TxMailbox2AbortCallback
                0x0000000008001bb8       0x14 Drivers/STM32L4xx_HAL_Driver/Src/stm32l4xx_hal_can.o
                0x0000000008001bb8                HAL_CAN_TxMailbox2AbortCallback
 .text.HAL_CAN_RxFifo0FullCallback
                0x0000000008001bcc       0x14 Drivers/STM32L4xx_HAL_Driver/Src/stm32l4xx_hal_can.o
                0x0000000008001bcc                HAL_CAN_RxFifo0FullCallback
 .text.HAL_CAN_RxFifo1MsgPendingCallback
                0x0000000008001be0       0x14 Drivers/STM32L4xx_HAL_Driver/Src/stm32l4xx_hal_can.o
                0x0000000008001be0                HAL_CAN_RxFifo1MsgPendingCallback
 .text.HAL_CAN_RxFifo1FullCallback
                0x0000000008001bf4       0x14 Drivers/STM32L4xx_HAL_Driver/Src/stm32l4xx_hal_can.o
                0x0000000008001bf4                HAL_CAN_RxFifo1FullCallback
 .text.HAL_CAN_SleepCallback
                0x0000000008001c08       0x14 Drivers/STM32L4xx_HAL_Driver/Src/stm32l4xx_hal_can.o
                0x0000000008001c08                HAL_CAN_SleepCallback
 .text.HAL_CAN_WakeUpFromRxMsgCallback
                0x0000000008001c1c       0x14 Drivers/STM32L4xx_HAL_Driver/Src/stm32l4xx_hal_can.o
                0x0000000008001c1c                HAL_CAN_WakeUpFromRxMsgCallback
 .text.HAL_CAN_ErrorCallback
                0x0000000008001c30       0x14 Drivers/STM32L4xx_HAL_Driver/Src/stm32l4xx_hal_can.o
                0x0000000008001c30                HAL_CAN_ErrorCallback
 .text.__NVIC_SetPriorityGrouping
                0x0000000008001c44       0x48 Drivers/STM32L4xx_HAL_Driver/Src/stm32l4xx_hal_cortex.o
 .text.__NVIC_GetPriorityGrouping
                0x0000000008001c8c       0x1c Drivers/STM32L4xx_HAL_Driver/Src/stm32l4xx_hal_cortex.o
 .text.__NVIC_EnableIRQ
                0x0000000008001ca8       0x3c Drivers/STM32L4xx_HAL_Driver/Src/stm32l4xx_hal_cortex.o
 .text.__NVIC_DisableIRQ
                0x0000000008001ce4       0x48 Drivers/STM32L4xx_HAL_Driver/Src/stm32l4xx_hal_cortex.o
 .text.__NVIC_SetPriority
                0x0000000008001d2c       0x54 Drivers/STM32L4xx_HAL_Driver/Src/stm32l4xx_hal_cortex.o
 .text.NVIC_EncodePriority
                0x0000000008001d80       0x66 Drivers/STM32L4xx_HAL_Driver/Src/stm32l4xx_hal_cortex.o
 *fill*         0x0000000008001de6        0x2 
 .text.SysTick_Config
                0x0000000008001de8       0x44 Drivers/STM32L4xx_HAL_Driver/Src/stm32l4xx_hal_cortex.o
 .text.HAL_NVIC_SetPriorityGrouping
                0x0000000008001e2c       0x16 Drivers/STM32L4xx_HAL_Driver/Src/stm32l4xx_hal_cortex.o
                0x0000000008001e2c                HAL_NVIC_SetPriorityGrouping
 .text.HAL_NVIC_SetPriority
                0x0000000008001e42       0x38 Drivers/STM32L4xx_HAL_Driver/Src/stm32l4xx_hal_cortex.o
                0x0000000008001e42                HAL_NVIC_SetPriority
 .text.HAL_NVIC_EnableIRQ
                0x0000000008001e7a       0x1c Drivers/STM32L4xx_HAL_Driver/Src/stm32l4xx_hal_cortex.o
                0x0000000008001e7a                HAL_NVIC_EnableIRQ
 .text.HAL_NVIC_DisableIRQ
                0x0000000008001e96       0x1c Drivers/STM32L4xx_HAL_Driver/Src/stm32l4xx_hal_cortex.o
                0x0000000008001e96                HAL_NVIC_DisableIRQ
 .text.HAL_SYSTICK_Config
                0x0000000008001eb2       0x18 Drivers/STM32L4xx_HAL_Driver/Src/stm32l4xx_hal_cortex.o
                0x0000000008001eb2                HAL_SYSTICK_Config
 *fill*         0x0000000008001eca        0x2 
 .text.HAL_GPIO_Init
                0x0000000008001ecc      0x324 Drivers/STM32L4xx_HAL_Driver/Src/stm32l4xx_hal_gpio.o
                0x0000000008001ecc                HAL_GPIO_Init
 .text.HAL_GPIO_WritePin
                0x00000000080021f0       0x30 Drivers/STM32L4xx_HAL_Driver/Src/stm32l4xx_hal_gpio.o
                0x00000000080021f0                HAL_GPIO_WritePin
 .text.HAL_GPIO_TogglePin
                0x0000000008002220       0x34 Drivers/STM32L4xx_HAL_Driver/Src/stm32l4xx_hal_gpio.o
                0x0000000008002220                HAL_GPIO_TogglePin
 .text.HAL_GPIO_EXTI_IRQHandler
                0x0000000008002254       0x30 Drivers/STM32L4xx_HAL_Driver/Src/stm32l4xx_hal_gpio.o
                0x0000000008002254                HAL_GPIO_EXTI_IRQHandler
 .text.HAL_PCD_Init
                0x0000000008002284      0x248 Drivers/STM32L4xx_HAL_Driver/Src/stm32l4xx_hal_pcd.o
                0x0000000008002284                HAL_PCD_Init
 .text.HAL_PCD_Start
                0x00000000080024cc       0x5e Drivers/STM32L4xx_HAL_Driver/Src/stm32l4xx_hal_pcd.o
                0x00000000080024cc                HAL_PCD_Start
 .text.HAL_PCD_IRQHandler
                0x000000000800252a      0x748 Drivers/STM32L4xx_HAL_Driver/Src/stm32l4xx_hal_pcd.o
                0x000000000800252a                HAL_PCD_IRQHandler
 .text.HAL_PCD_SetAddress
                0x0000000008002c72       0x4a Drivers/STM32L4xx_HAL_Driver/Src/stm32l4xx_hal_pcd.o
                0x0000000008002c72                HAL_PCD_SetAddress
 .text.HAL_PCD_EP_Open
                0x0000000008002cbc       0xd0 Drivers/STM32L4xx_HAL_Driver/Src/stm32l4xx_hal_pcd.o
                0x0000000008002cbc                HAL_PCD_EP_Open
 .text.HAL_PCD_EP_Close
                0x0000000008002d8c       0x94 Drivers/STM32L4xx_HAL_Driver/Src/stm32l4xx_hal_pcd.o
                0x0000000008002d8c                HAL_PCD_EP_Close
 .text.HAL_PCD_EP_Receive
                0x0000000008002e20       0x7c Drivers/STM32L4xx_HAL_Driver/Src/stm32l4xx_hal_pcd.o
                0x0000000008002e20                HAL_PCD_EP_Receive
 .text.HAL_PCD_EP_GetRxCount
                0x0000000008002e9c       0x30 Drivers/STM32L4xx_HAL_Driver/Src/stm32l4xx_hal_pcd.o
                0x0000000008002e9c                HAL_PCD_EP_GetRxCount
 .text.HAL_PCD_EP_Transmit
                0x0000000008002ecc       0x7a Drivers/STM32L4xx_HAL_Driver/Src/stm32l4xx_hal_pcd.o
                0x0000000008002ecc                HAL_PCD_EP_Transmit
 .text.HAL_PCD_EP_SetStall
                0x0000000008002f46       0xc4 Drivers/STM32L4xx_HAL_Driver/Src/stm32l4xx_hal_pcd.o
                0x0000000008002f46                HAL_PCD_EP_SetStall
 .text.HAL_PCD_EP_ClrStall
                0x000000000800300a       0xac Drivers/STM32L4xx_HAL_Driver/Src/stm32l4xx_hal_pcd.o
                0x000000000800300a                HAL_PCD_EP_ClrStall
 .text.PCD_WriteEmptyTxFifo
                0x00000000080030b6      0x110 Drivers/STM32L4xx_HAL_Driver/Src/stm32l4xx_hal_pcd.o
 *fill*         0x00000000080031c6        0x2 
 .text.PCD_EP_OutXfrComplete_int
                0x00000000080031c8       0x9c Drivers/STM32L4xx_HAL_Driver/Src/stm32l4xx_hal_pcd.o
 .text.PCD_EP_OutSetupPacket_int
                0x0000000008003264       0x68 Drivers/STM32L4xx_HAL_Driver/Src/stm32l4xx_hal_pcd.o
 .text.HAL_PCDEx_SetTxFiFo
                0x00000000080032cc       0x8e Drivers/STM32L4xx_HAL_Driver/Src/stm32l4xx_hal_pcd_ex.o
                0x00000000080032cc                HAL_PCDEx_SetTxFiFo
 .text.HAL_PCDEx_SetRxFiFo
                0x000000000800335a       0x22 Drivers/STM32L4xx_HAL_Driver/Src/stm32l4xx_hal_pcd_ex.o
                0x000000000800335a                HAL_PCDEx_SetRxFiFo
 .text.HAL_PCDEx_ActivateLPM
                0x000000000800337c       0x48 Drivers/STM32L4xx_HAL_Driver/Src/stm32l4xx_hal_pcd_ex.o
                0x000000000800337c                HAL_PCDEx_ActivateLPM
 .text.HAL_PCDEx_LPM_Callback
                0x00000000080033c4       0x18 Drivers/STM32L4xx_HAL_Driver/Src/stm32l4xx_hal_pcd_ex.o
                0x00000000080033c4                HAL_PCDEx_LPM_Callback
 .text.HAL_PWREx_GetVoltageRange
                0x00000000080033dc       0x40 Drivers/STM32L4xx_HAL_Driver/Src/stm32l4xx_hal_pwr_ex.o
                0x00000000080033dc                HAL_PWREx_GetVoltageRange
 .text.HAL_PWREx_ControlVoltageScaling
                0x000000000800341c      0x148 Drivers/STM32L4xx_HAL_Driver/Src/stm32l4xx_hal_pwr_ex.o
                0x000000000800341c                HAL_PWREx_ControlVoltageScaling
 .text.HAL_PWREx_EnableVddUSB
                0x0000000008003564       0x20 Drivers/STM32L4xx_HAL_Driver/Src/stm32l4xx_hal_pwr_ex.o
                0x0000000008003564                HAL_PWREx_EnableVddUSB
 .text.HAL_PWREx_EnableVddIO2
                0x0000000008003584       0x20 Drivers/STM32L4xx_HAL_Driver/Src/stm32l4xx_hal_pwr_ex.o
                0x0000000008003584                HAL_PWREx_EnableVddIO2
 .text.HAL_RCC_OscConfig
                0x00000000080035a4      0x84c Drivers/STM32L4xx_HAL_Driver/Src/stm32l4xx_hal_rcc.o
                0x00000000080035a4                HAL_RCC_OscConfig
 .text.HAL_RCC_ClockConfig
                0x0000000008003df0      0x258 Drivers/STM32L4xx_HAL_Driver/Src/stm32l4xx_hal_rcc.o
                0x0000000008003df0                HAL_RCC_ClockConfig
 .text.HAL_RCC_GetSysClockFreq
                0x0000000008004048      0x118 Drivers/STM32L4xx_HAL_Driver/Src/stm32l4xx_hal_rcc.o
                0x0000000008004048                HAL_RCC_GetSysClockFreq
 .text.HAL_RCC_GetHCLKFreq
                0x0000000008004160       0x18 Drivers/STM32L4xx_HAL_Driver/Src/stm32l4xx_hal_rcc.o
                0x0000000008004160                HAL_RCC_GetHCLKFreq
 .text.RCC_SetFlashLatencyFromMSIRange
                0x0000000008004178       0xb4 Drivers/STM32L4xx_HAL_Driver/Src/stm32l4xx_hal_rcc.o
 .text.RCC_GetSysClockFreqFromPLLSource
                0x000000000800422c       0xd0 Drivers/STM32L4xx_HAL_Driver/Src/stm32l4xx_hal_rcc.o
 .text.HAL_RCCEx_PeriphCLKConfig
                0x00000000080042fc      0x660 Drivers/STM32L4xx_HAL_Driver/Src/stm32l4xx_hal_rcc_ex.o
                0x00000000080042fc                HAL_RCCEx_PeriphCLKConfig
 .text.RCCEx_PLLSAI1_Config
                0x000000000800495c      0x1e8 Drivers/STM32L4xx_HAL_Driver/Src/stm32l4xx_hal_rcc_ex.o
 .text.RCCEx_PLLSAI2_Config
                0x0000000008004b44      0x1e8 Drivers/STM32L4xx_HAL_Driver/Src/stm32l4xx_hal_rcc_ex.o
 .text.HAL_TIM_Base_Init
                0x0000000008004d2c       0xae Drivers/STM32L4xx_HAL_Driver/Src/stm32l4xx_hal_tim.o
                0x0000000008004d2c                HAL_TIM_Base_Init
 *fill*         0x0000000008004dda        0x2 
 .text.HAL_TIM_Base_Start_IT
                0x0000000008004ddc       0xe0 Drivers/STM32L4xx_HAL_Driver/Src/stm32l4xx_hal_tim.o
                0x0000000008004ddc                HAL_TIM_Base_Start_IT
 .text.HAL_TIM_Base_Stop_IT
                0x0000000008004ebc       0x5e Drivers/STM32L4xx_HAL_Driver/Src/stm32l4xx_hal_tim.o
                0x0000000008004ebc                HAL_TIM_Base_Stop_IT
 .text.HAL_TIM_IRQHandler
                0x0000000008004f1a      0x23e Drivers/STM32L4xx_HAL_Driver/Src/stm32l4xx_hal_tim.o
                0x0000000008004f1a                HAL_TIM_IRQHandler
 .text.HAL_TIM_ConfigClockSource
                0x0000000008005158      0x18c Drivers/STM32L4xx_HAL_Driver/Src/stm32l4xx_hal_tim.o
                0x0000000008005158                HAL_TIM_ConfigClockSource
 .text.HAL_TIM_OC_DelayElapsedCallback
                0x00000000080052e4       0x14 Drivers/STM32L4xx_HAL_Driver/Src/stm32l4xx_hal_tim.o
                0x00000000080052e4                HAL_TIM_OC_DelayElapsedCallback
 .text.HAL_TIM_IC_CaptureCallback
                0x00000000080052f8       0x14 Drivers/STM32L4xx_HAL_Driver/Src/stm32l4xx_hal_tim.o
                0x00000000080052f8                HAL_TIM_IC_CaptureCallback
 .text.HAL_TIM_PWM_PulseFinishedCallback
                0x000000000800530c       0x14 Drivers/STM32L4xx_HAL_Driver/Src/stm32l4xx_hal_tim.o
                0x000000000800530c                HAL_TIM_PWM_PulseFinishedCallback
 .text.HAL_TIM_TriggerCallback
                0x0000000008005320       0x14 Drivers/STM32L4xx_HAL_Driver/Src/stm32l4xx_hal_tim.o
                0x0000000008005320                HAL_TIM_TriggerCallback
 .text.TIM_Base_SetConfig
                0x0000000008005334      0x134 Drivers/STM32L4xx_HAL_Driver/Src/stm32l4xx_hal_tim.o
                0x0000000008005334                TIM_Base_SetConfig
 .text.TIM_TI1_ConfigInputStage
                0x0000000008005468       0x5e Drivers/STM32L4xx_HAL_Driver/Src/stm32l4xx_hal_tim.o
 .text.TIM_TI2_ConfigInputStage
                0x00000000080054c6       0x60 Drivers/STM32L4xx_HAL_Driver/Src/stm32l4xx_hal_tim.o
 .text.TIM_ITRx_SetConfig
                0x0000000008005526       0x36 Drivers/STM32L4xx_HAL_Driver/Src/stm32l4xx_hal_tim.o
 .text.TIM_ETR_SetConfig
                0x000000000800555c       0x40 Drivers/STM32L4xx_HAL_Driver/Src/stm32l4xx_hal_tim.o
                0x000000000800555c                TIM_ETR_SetConfig
 .text.HAL_TIMEx_MasterConfigSynchronization
                0x000000000800559c      0x110 Drivers/STM32L4xx_HAL_Driver/Src/stm32l4xx_hal_tim_ex.o
                0x000000000800559c                HAL_TIMEx_MasterConfigSynchronization
 .text.HAL_TIMEx_CommutCallback
                0x00000000080056ac       0x14 Drivers/STM32L4xx_HAL_Driver/Src/stm32l4xx_hal_tim_ex.o
                0x00000000080056ac                HAL_TIMEx_CommutCallback
 .text.HAL_TIMEx_BreakCallback
                0x00000000080056c0       0x14 Drivers/STM32L4xx_HAL_Driver/Src/stm32l4xx_hal_tim_ex.o
                0x00000000080056c0                HAL_TIMEx_BreakCallback
 .text.HAL_TIMEx_Break2Callback
                0x00000000080056d4       0x14 Drivers/STM32L4xx_HAL_Driver/Src/stm32l4xx_hal_tim_ex.o
                0x00000000080056d4                HAL_TIMEx_Break2Callback
 .text.USB_CoreInit
                0x00000000080056e8       0x58 Drivers/STM32L4xx_HAL_Driver/Src/stm32l4xx_ll_usb.o
                0x00000000080056e8                USB_CoreInit
 .text.USB_SetTurnaroundTime
                0x0000000008005740      0x138 Drivers/STM32L4xx_HAL_Driver/Src/stm32l4xx_ll_usb.o
                0x0000000008005740                USB_SetTurnaroundTime
 .text.USB_EnableGlobalInt
                0x0000000008005878       0x22 Drivers/STM32L4xx_HAL_Driver/Src/stm32l4xx_ll_usb.o
                0x0000000008005878                USB_EnableGlobalInt
 .text.USB_DisableGlobalInt
                0x000000000800589a       0x22 Drivers/STM32L4xx_HAL_Driver/Src/stm32l4xx_ll_usb.o
                0x000000000800589a                USB_DisableGlobalInt
 .text.USB_SetCurrentMode
                0x00000000080058bc       0x54 Drivers/STM32L4xx_HAL_Driver/Src/stm32l4xx_ll_usb.o
                0x00000000080058bc                USB_SetCurrentMode
 .text.USB_DevInit
                0x0000000008005910      0x298 Drivers/STM32L4xx_HAL_Driver/Src/stm32l4xx_ll_usb.o
                0x0000000008005910                USB_DevInit
 .text.USB_FlushTxFifo
                0x0000000008005ba8       0x4c Drivers/STM32L4xx_HAL_Driver/Src/stm32l4xx_ll_usb.o
                0x0000000008005ba8                USB_FlushTxFifo
 .text.USB_FlushRxFifo
                0x0000000008005bf4       0x44 Drivers/STM32L4xx_HAL_Driver/Src/stm32l4xx_ll_usb.o
                0x0000000008005bf4                USB_FlushRxFifo
 .text.USB_SetDevSpeed
                0x0000000008005c38       0x32 Drivers/STM32L4xx_HAL_Driver/Src/stm32l4xx_ll_usb.o
                0x0000000008005c38                USB_SetDevSpeed
 .text.USB_GetDevSpeed
                0x0000000008005c6a       0x3e Drivers/STM32L4xx_HAL_Driver/Src/stm32l4xx_ll_usb.o
                0x0000000008005c6a                USB_GetDevSpeed
 .text.USB_ActivateEndpoint
                0x0000000008005ca8      0x10e Drivers/STM32L4xx_HAL_Driver/Src/stm32l4xx_ll_usb.o
                0x0000000008005ca8                USB_ActivateEndpoint
 *fill*         0x0000000008005db6        0x2 
 .text.USB_DeactivateEndpoint
                0x0000000008005db8      0x1b8 Drivers/STM32L4xx_HAL_Driver/Src/stm32l4xx_ll_usb.o
                0x0000000008005db8                USB_DeactivateEndpoint
 .text.USB_EPStartXfer
                0x0000000008005f70      0x3b8 Drivers/STM32L4xx_HAL_Driver/Src/stm32l4xx_ll_usb.o
                0x0000000008005f70                USB_EPStartXfer
 .text.USB_EP0StartXfer
                0x0000000008006328      0x23c Drivers/STM32L4xx_HAL_Driver/Src/stm32l4xx_ll_usb.o
                0x0000000008006328                USB_EP0StartXfer
 .text.USB_WritePacket
                0x0000000008006564       0x62 Drivers/STM32L4xx_HAL_Driver/Src/stm32l4xx_ll_usb.o
                0x0000000008006564                USB_WritePacket
 .text.USB_ReadPacket
                0x00000000080065c6       0x52 Drivers/STM32L4xx_HAL_Driver/Src/stm32l4xx_ll_usb.o
                0x00000000080065c6                USB_ReadPacket
 .text.USB_EPSetStall
                0x0000000008006618       0xdc Drivers/STM32L4xx_HAL_Driver/Src/stm32l4xx_ll_usb.o
                0x0000000008006618                USB_EPSetStall
 .text.USB_EPClearStall
                0x00000000080066f4       0xcc Drivers/STM32L4xx_HAL_Driver/Src/stm32l4xx_ll_usb.o
                0x00000000080066f4                USB_EPClearStall
 .text.USB_SetDevAddress
                0x00000000080067c0       0x4c Drivers/STM32L4xx_HAL_Driver/Src/stm32l4xx_ll_usb.o
                0x00000000080067c0                USB_SetDevAddress
 .text.USB_DevConnect
                0x000000000800680c       0x42 Drivers/STM32L4xx_HAL_Driver/Src/stm32l4xx_ll_usb.o
                0x000000000800680c                USB_DevConnect
 .text.USB_DevDisconnect
                0x000000000800684e       0x42 Drivers/STM32L4xx_HAL_Driver/Src/stm32l4xx_ll_usb.o
                0x000000000800684e                USB_DevDisconnect
 .text.USB_ReadInterrupts
                0x0000000008006890       0x26 Drivers/STM32L4xx_HAL_Driver/Src/stm32l4xx_ll_usb.o
                0x0000000008006890                USB_ReadInterrupts
 .text.USB_ReadDevAllOutEpInterrupt
                0x00000000080068b6       0x34 Drivers/STM32L4xx_HAL_Driver/Src/stm32l4xx_ll_usb.o
                0x00000000080068b6                USB_ReadDevAllOutEpInterrupt
 .text.USB_ReadDevAllInEpInterrupt
                0x00000000080068ea       0x34 Drivers/STM32L4xx_HAL_Driver/Src/stm32l4xx_ll_usb.o
                0x00000000080068ea                USB_ReadDevAllInEpInterrupt
 .text.USB_ReadDevOutEPInterrupt
                0x000000000800691e       0x3c Drivers/STM32L4xx_HAL_Driver/Src/stm32l4xx_ll_usb.o
                0x000000000800691e                USB_ReadDevOutEPInterrupt
 .text.USB_ReadDevInEPInterrupt
                0x000000000800695a       0x5c Drivers/STM32L4xx_HAL_Driver/Src/stm32l4xx_ll_usb.o
                0x000000000800695a                USB_ReadDevInEPInterrupt
 .text.USB_GetMode
                0x00000000080069b6       0x1c Drivers/STM32L4xx_HAL_Driver/Src/stm32l4xx_ll_usb.o
                0x00000000080069b6                USB_GetMode
 .text.USB_ActivateSetup
                0x00000000080069d2       0x46 Drivers/STM32L4xx_HAL_Driver/Src/stm32l4xx_ll_usb.o
                0x00000000080069d2                USB_ActivateSetup
 .text.USB_EP0_OutStart
                0x0000000008006a18       0x90 Drivers/STM32L4xx_HAL_Driver/Src/stm32l4xx_ll_usb.o
                0x0000000008006a18                USB_EP0_OutStart
 .text.USB_CoreReset
                0x0000000008006aa8       0x68 Drivers/STM32L4xx_HAL_Driver/Src/stm32l4xx_ll_usb.o
 .text.USBD_CDC_Init
                0x0000000008006b10       0xfe Middlewares/ST/STM32_USB_Device_Library/Class/CDC/Src/usbd_cdc.o
 .text.USBD_CDC_DeInit
                0x0000000008006c0e       0x74 Middlewares/ST/STM32_USB_Device_Library/Class/CDC/Src/usbd_cdc.o
 *fill*         0x0000000008006c82        0x2 
 .text.USBD_CDC_Setup
                0x0000000008006c84      0x190 Middlewares/ST/STM32_USB_Device_Library/Class/CDC/Src/usbd_cdc.o
 .text.USBD_CDC_DataIn
                0x0000000008006e14       0xca Middlewares/ST/STM32_USB_Device_Library/Class/CDC/Src/usbd_cdc.o
 .text.USBD_CDC_DataOut
                0x0000000008006ede       0x56 Middlewares/ST/STM32_USB_Device_Library/Class/CDC/Src/usbd_cdc.o
 .text.USBD_CDC_EP0_RxReady
                0x0000000008006f34       0x5a Middlewares/ST/STM32_USB_Device_Library/Class/CDC/Src/usbd_cdc.o
 *fill*         0x0000000008006f8e        0x2 
 .text.USBD_CDC_GetFSCfgDesc
                0x0000000008006f90       0x20 Middlewares/ST/STM32_USB_Device_Library/Class/CDC/Src/usbd_cdc.o
 .text.USBD_CDC_GetHSCfgDesc
                0x0000000008006fb0       0x20 Middlewares/ST/STM32_USB_Device_Library/Class/CDC/Src/usbd_cdc.o
 .text.USBD_CDC_GetOtherSpeedCfgDesc
                0x0000000008006fd0       0x20 Middlewares/ST/STM32_USB_Device_Library/Class/CDC/Src/usbd_cdc.o
 .text.USBD_CDC_GetDeviceQualifierDescriptor
                0x0000000008006ff0       0x20 Middlewares/ST/STM32_USB_Device_Library/Class/CDC/Src/usbd_cdc.o
                0x0000000008006ff0                USBD_CDC_GetDeviceQualifierDescriptor
 .text.USBD_CDC_RegisterInterface
                0x0000000008007010       0x2a Middlewares/ST/STM32_USB_Device_Library/Class/CDC/Src/usbd_cdc.o
                0x0000000008007010                USBD_CDC_RegisterInterface
 .text.USBD_CDC_SetTxBuffer
                0x000000000800703a       0x3c Middlewares/ST/STM32_USB_Device_Library/Class/CDC/Src/usbd_cdc.o
                0x000000000800703a                USBD_CDC_SetTxBuffer
 .text.USBD_CDC_SetRxBuffer
                0x0000000008007076       0x32 Middlewares/ST/STM32_USB_Device_Library/Class/CDC/Src/usbd_cdc.o
                0x0000000008007076                USBD_CDC_SetRxBuffer
 .text.USBD_CDC_TransmitPacket
                0x00000000080070a8       0x60 Middlewares/ST/STM32_USB_Device_Library/Class/CDC/Src/usbd_cdc.o
                0x00000000080070a8                USBD_CDC_TransmitPacket
 .text.USBD_CDC_ReceivePacket
                0x0000000008007108       0x54 Middlewares/ST/STM32_USB_Device_Library/Class/CDC/Src/usbd_cdc.o
                0x0000000008007108                USBD_CDC_ReceivePacket
 .text.USBD_Init
                0x000000000800715c       0x60 Middlewares/ST/STM32_USB_Device_Library/Core/Src/usbd_core.o
                0x000000000800715c                USBD_Init
 .text.USBD_RegisterClass
                0x00000000080071bc       0x4e Middlewares/ST/STM32_USB_Device_Library/Core/Src/usbd_core.o
                0x00000000080071bc                USBD_RegisterClass
 .text.USBD_Start
                0x000000000800720a       0x18 Middlewares/ST/STM32_USB_Device_Library/Core/Src/usbd_core.o
                0x000000000800720a                USBD_Start
 .text.USBD_RunTestMode
                0x0000000008007222       0x16 Middlewares/ST/STM32_USB_Device_Library/Core/Src/usbd_core.o
                0x0000000008007222                USBD_RunTestMode
 .text.USBD_SetClassConfig
                0x0000000008007238       0x38 Middlewares/ST/STM32_USB_Device_Library/Core/Src/usbd_core.o
                0x0000000008007238                USBD_SetClassConfig
 .text.USBD_ClrClassConfig
                0x0000000008007270       0x30 Middlewares/ST/STM32_USB_Device_Library/Core/Src/usbd_core.o
                0x0000000008007270                USBD_ClrClassConfig
 .text.USBD_LL_SetupStage
                0x00000000080072a0       0xaa Middlewares/ST/STM32_USB_Device_Library/Core/Src/usbd_core.o
                0x00000000080072a0                USBD_LL_SetupStage
 .text.USBD_LL_DataOutStage
                0x000000000800734a       0xc6 Middlewares/ST/STM32_USB_Device_Library/Core/Src/usbd_core.o
                0x000000000800734a                USBD_LL_DataOutStage
 .text.USBD_LL_DataInStage
                0x0000000008007410      0x12c Middlewares/ST/STM32_USB_Device_Library/Core/Src/usbd_core.o
                0x0000000008007410                USBD_LL_DataInStage
 .text.USBD_LL_Reset
                0x000000000800753c       0x9c Middlewares/ST/STM32_USB_Device_Library/Core/Src/usbd_core.o
                0x000000000800753c                USBD_LL_Reset
 .text.USBD_LL_SetSpeed
                0x00000000080075d8       0x20 Middlewares/ST/STM32_USB_Device_Library/Core/Src/usbd_core.o
                0x00000000080075d8                USBD_LL_SetSpeed
 .text.USBD_LL_Suspend
                0x00000000080075f8       0x2c Middlewares/ST/STM32_USB_Device_Library/Core/Src/usbd_core.o
                0x00000000080075f8                USBD_LL_Suspend
 .text.USBD_LL_Resume
                0x0000000008007624       0x30 Middlewares/ST/STM32_USB_Device_Library/Core/Src/usbd_core.o
                0x0000000008007624                USBD_LL_Resume
 .text.USBD_LL_SOF
                0x0000000008007654       0x44 Middlewares/ST/STM32_USB_Device_Library/Core/Src/usbd_core.o
                0x0000000008007654                USBD_LL_SOF
 .text.USBD_LL_IsoINIncomplete
                0x0000000008007698       0x4c Middlewares/ST/STM32_USB_Device_Library/Core/Src/usbd_core.o
                0x0000000008007698                USBD_LL_IsoINIncomplete
 .text.USBD_LL_IsoOUTIncomplete
                0x00000000080076e4       0x4c Middlewares/ST/STM32_USB_Device_Library/Core/Src/usbd_core.o
                0x00000000080076e4                USBD_LL_IsoOUTIncomplete
 .text.USBD_LL_DevConnected
                0x0000000008007730       0x16 Middlewares/ST/STM32_USB_Device_Library/Core/Src/usbd_core.o
                0x0000000008007730                USBD_LL_DevConnected
 .text.USBD_LL_DevDisconnected
                0x0000000008007746       0x38 Middlewares/ST/STM32_USB_Device_Library/Core/Src/usbd_core.o
                0x0000000008007746                USBD_LL_DevDisconnected
 .text.SWAPBYTE
                0x000000000800777e       0x3c Middlewares/ST/STM32_USB_Device_Library/Core/Src/usbd_ctlreq.o
 *fill*         0x00000000080077ba        0x2 
 .text.USBD_StdDevReq
                0x00000000080077bc       0xdc Middlewares/ST/STM32_USB_Device_Library/Core/Src/usbd_ctlreq.o
                0x00000000080077bc                USBD_StdDevReq
 .text.USBD_StdItfReq
                0x0000000008007898       0x92 Middlewares/ST/STM32_USB_Device_Library/Core/Src/usbd_ctlreq.o
                0x0000000008007898                USBD_StdItfReq
 .text.USBD_StdEPReq
                0x000000000800792a      0x2c4 Middlewares/ST/STM32_USB_Device_Library/Core/Src/usbd_ctlreq.o
                0x000000000800792a                USBD_StdEPReq
 *fill*         0x0000000008007bee        0x2 
 .text.USBD_GetDescriptor
                0x0000000008007bf0      0x2d4 Middlewares/ST/STM32_USB_Device_Library/Core/Src/usbd_ctlreq.o
 .text.USBD_SetAddress
                0x0000000008007ec4       0x88 Middlewares/ST/STM32_USB_Device_Library/Core/Src/usbd_ctlreq.o
 .text.USBD_SetConfig
                0x0000000008007f4c      0x14c Middlewares/ST/STM32_USB_Device_Library/Core/Src/usbd_ctlreq.o
 .text.USBD_GetConfig
                0x0000000008008098       0x6c Middlewares/ST/STM32_USB_Device_Library/Core/Src/usbd_ctlreq.o
 .text.USBD_GetStatus
                0x0000000008008104       0x68 Middlewares/ST/STM32_USB_Device_Library/Core/Src/usbd_ctlreq.o
 .text.USBD_SetFeature
                0x000000000800816c       0x28 Middlewares/ST/STM32_USB_Device_Library/Core/Src/usbd_ctlreq.o
 .text.USBD_ClrFeature
                0x0000000008008194       0x44 Middlewares/ST/STM32_USB_Device_Library/Core/Src/usbd_ctlreq.o
 .text.USBD_ParseSetupRequest
                0x00000000080081d8       0x74 Middlewares/ST/STM32_USB_Device_Library/Core/Src/usbd_ctlreq.o
                0x00000000080081d8                USBD_ParseSetupRequest
 .text.USBD_CtlError
                0x000000000800824c       0x22 Middlewares/ST/STM32_USB_Device_Library/Core/Src/usbd_ctlreq.o
                0x000000000800824c                USBD_CtlError
 .text.USBD_GetString
                0x000000000800826e       0x8c Middlewares/ST/STM32_USB_Device_Library/Core/Src/usbd_ctlreq.o
                0x000000000800826e                USBD_GetString
 .text.USBD_GetLen
                0x00000000080082fa       0x34 Middlewares/ST/STM32_USB_Device_Library/Core/Src/usbd_ctlreq.o
 .text.USBD_CtlSendData
                0x000000000800832e       0x36 Middlewares/ST/STM32_USB_Device_Library/Core/Src/usbd_ioreq.o
                0x000000000800832e                USBD_CtlSendData
 .text.USBD_CtlContinueSendData
                0x0000000008008364       0x22 Middlewares/ST/STM32_USB_Device_Library/Core/Src/usbd_ioreq.o
                0x0000000008008364                USBD_CtlContinueSendData
 .text.USBD_CtlPrepareRx
                0x0000000008008386       0x3a Middlewares/ST/STM32_USB_Device_Library/Core/Src/usbd_ioreq.o
                0x0000000008008386                USBD_CtlPrepareRx
 .text.USBD_CtlContinueRx
                0x00000000080083c0       0x22 Middlewares/ST/STM32_USB_Device_Library/Core/Src/usbd_ioreq.o
                0x00000000080083c0                USBD_CtlContinueRx
 .text.USBD_CtlSendStatus
                0x00000000080083e2       0x26 Middlewares/ST/STM32_USB_Device_Library/Core/Src/usbd_ioreq.o
                0x00000000080083e2                USBD_CtlSendStatus
 .text.USBD_CtlReceiveStatus
                0x0000000008008408       0x26 Middlewares/ST/STM32_USB_Device_Library/Core/Src/usbd_ioreq.o
                0x0000000008008408                USBD_CtlReceiveStatus
 *fill*         0x000000000800842e        0x2 
 .text.MX_USB_DEVICE_Init
                0x0000000008008430       0x60 USB_DEVICE/App/usb_device.o
                0x0000000008008430                MX_USB_DEVICE_Init
 .text.CDC_Init_FS
                0x0000000008008490       0x28 USB_DEVICE/App/usbd_cdc_if.o
 .text.CDC_DeInit_FS
                0x00000000080084b8       0x10 USB_DEVICE/App/usbd_cdc_if.o
 .text.CDC_Control_FS
                0x00000000080084c8       0xbc USB_DEVICE/App/usbd_cdc_if.o
 .text.CDC_Receive_FS
                0x0000000008008584       0x3c USB_DEVICE/App/usbd_cdc_if.o
 .text.CDC_Transmit_FS
                0x00000000080085c0       0x4c USB_DEVICE/App/usbd_cdc_if.o
                0x00000000080085c0                CDC_Transmit_FS
 .text.CDC_TransmitCplt_FS
                0x000000000800860c       0x22 USB_DEVICE/App/usbd_cdc_if.o
 *fill*         0x000000000800862e        0x2 
 .text.USB_Rx_Msg
                0x0000000008008630       0x2c USB_DEVICE/App/usbd_cdc_if.o
                0x0000000008008630                USB_Rx_Msg
 .text.USBD_FS_DeviceDescriptor
                0x000000000800865c       0x24 USB_DEVICE/App/usbd_desc.o
                0x000000000800865c                USBD_FS_DeviceDescriptor
 .text.USBD_FS_LangIDStrDescriptor
                0x0000000008008680       0x24 USB_DEVICE/App/usbd_desc.o
                0x0000000008008680                USBD_FS_LangIDStrDescriptor
 .text.USBD_FS_ProductStrDescriptor
                0x00000000080086a4       0x3c USB_DEVICE/App/usbd_desc.o
                0x00000000080086a4                USBD_FS_ProductStrDescriptor
 .text.USBD_FS_ManufacturerStrDescriptor
                0x00000000080086e0       0x28 USB_DEVICE/App/usbd_desc.o
                0x00000000080086e0                USBD_FS_ManufacturerStrDescriptor
 .text.USBD_FS_SerialStrDescriptor
                0x0000000008008708       0x24 USB_DEVICE/App/usbd_desc.o
                0x0000000008008708                USBD_FS_SerialStrDescriptor
 .text.USBD_FS_ConfigStrDescriptor
                0x000000000800872c       0x3c USB_DEVICE/App/usbd_desc.o
                0x000000000800872c                USBD_FS_ConfigStrDescriptor
 .text.USBD_FS_InterfaceStrDescriptor
                0x0000000008008768       0x3c USB_DEVICE/App/usbd_desc.o
                0x0000000008008768                USBD_FS_InterfaceStrDescriptor
 .text.Get_SerialNum
                0x00000000080087a4       0x58 USB_DEVICE/App/usbd_desc.o
 .text.IntToUnicode
                0x00000000080087fc       0x7e USB_DEVICE/App/usbd_desc.o
 *fill*         0x000000000800887a        0x2 
 .text.HAL_PCD_MspInit
                0x000000000800887c       0xe8 USB_DEVICE/Target/usbd_conf.o
                0x000000000800887c                HAL_PCD_MspInit
 .text.HAL_PCD_SetupStageCallback
                0x0000000008008964       0x24 USB_DEVICE/Target/usbd_conf.o
                0x0000000008008964                HAL_PCD_SetupStageCallback
 .text.HAL_PCD_DataOutStageCallback
                0x0000000008008988       0x36 USB_DEVICE/Target/usbd_conf.o
                0x0000000008008988                HAL_PCD_DataOutStageCallback
 .text.HAL_PCD_DataInStageCallback
                0x00000000080089be       0x34 USB_DEVICE/Target/usbd_conf.o
                0x00000000080089be                HAL_PCD_DataInStageCallback
 .text.HAL_PCD_SOFCallback
                0x00000000080089f2       0x1c USB_DEVICE/Target/usbd_conf.o
                0x00000000080089f2                HAL_PCD_SOFCallback
 .text.HAL_PCD_ResetCallback
                0x0000000008008a0e       0x3c USB_DEVICE/Target/usbd_conf.o
                0x0000000008008a0e                HAL_PCD_ResetCallback
 *fill*         0x0000000008008a4a        0x2 
 .text.HAL_PCD_SuspendCallback
                0x0000000008008a4c       0x4c USB_DEVICE/Target/usbd_conf.o
                0x0000000008008a4c                HAL_PCD_SuspendCallback
 .text.HAL_PCD_ResumeCallback
                0x0000000008008a98       0x50 USB_DEVICE/Target/usbd_conf.o
                0x0000000008008a98                HAL_PCD_ResumeCallback
 .text.HAL_PCD_ISOOUTIncompleteCallback
                0x0000000008008ae8       0x24 USB_DEVICE/Target/usbd_conf.o
                0x0000000008008ae8                HAL_PCD_ISOOUTIncompleteCallback
 .text.HAL_PCD_ISOINIncompleteCallback
                0x0000000008008b0c       0x24 USB_DEVICE/Target/usbd_conf.o
                0x0000000008008b0c                HAL_PCD_ISOINIncompleteCallback
 .text.HAL_PCD_ConnectCallback
                0x0000000008008b30       0x1c USB_DEVICE/Target/usbd_conf.o
                0x0000000008008b30                HAL_PCD_ConnectCallback
 .text.HAL_PCD_DisconnectCallback
                0x0000000008008b4c       0x1c USB_DEVICE/Target/usbd_conf.o
                0x0000000008008b4c                HAL_PCD_DisconnectCallback
 .text.USBD_LL_Init
                0x0000000008008b68       0x94 USB_DEVICE/Target/usbd_conf.o
                0x0000000008008b68                USBD_LL_Init
 .text.USBD_LL_Start
                0x0000000008008bfc       0x64 USB_DEVICE/Target/usbd_conf.o
                0x0000000008008bfc                USBD_LL_Start
 .text.USBD_LL_OpenEP
                0x0000000008008c60       0x7c USB_DEVICE/Target/usbd_conf.o
                0x0000000008008c60                USBD_LL_OpenEP
 .text.USBD_LL_CloseEP
                0x0000000008008cdc       0x6c USB_DEVICE/Target/usbd_conf.o
                0x0000000008008cdc                USBD_LL_CloseEP
 .text.USBD_LL_StallEP
                0x0000000008008d48       0x6c USB_DEVICE/Target/usbd_conf.o
                0x0000000008008d48                USBD_LL_StallEP
 .text.USBD_LL_ClearStallEP
                0x0000000008008db4       0x6c USB_DEVICE/Target/usbd_conf.o
                0x0000000008008db4                USBD_LL_ClearStallEP
 .text.USBD_LL_IsStallEP
                0x0000000008008e20       0x58 USB_DEVICE/Target/usbd_conf.o
                0x0000000008008e20                USBD_LL_IsStallEP
 .text.USBD_LL_SetUSBAddress
                0x0000000008008e78       0x6c USB_DEVICE/Target/usbd_conf.o
                0x0000000008008e78                USBD_LL_SetUSBAddress
 .text.USBD_LL_Transmit
                0x0000000008008ee4       0x70 USB_DEVICE/Target/usbd_conf.o
                0x0000000008008ee4                USBD_LL_Transmit
 .text.USBD_LL_PrepareReceive
                0x0000000008008f54       0x70 USB_DEVICE/Target/usbd_conf.o
                0x0000000008008f54                USBD_LL_PrepareReceive
 .text.USBD_LL_GetRxDataSize
                0x0000000008008fc4       0x26 USB_DEVICE/Target/usbd_conf.o
                0x0000000008008fc4                USBD_LL_GetRxDataSize
 *fill*         0x0000000008008fea        0x2 
 .text.USBD_static_malloc
                0x0000000008008fec       0x1c USB_DEVICE/Target/usbd_conf.o
                0x0000000008008fec                USBD_static_malloc
 .text.USBD_static_free
                0x0000000008009008       0x14 USB_DEVICE/Target/usbd_conf.o
                0x0000000008009008                USBD_static_free
 .text.SystemClockConfig_Resume
                0x000000000800901c        0xc USB_DEVICE/Target/usbd_conf.o
 .text.__libc_init_array
                0x0000000008009028       0x48 /opt/stm32cubeide/plugins/com.st.stm32cube.ide.mcu.externaltools.gnu-tools-for-stm32.9-2020-q2-update.linux64_1.5.0.202011040924/tools/bin/../lib/gcc/arm-none-eabi/9.3.1/../../../../arm-none-eabi/lib/thumb/v7e-m+fp/hard/libc_nano.a(lib_a-init.o)
                0x0000000008009028                __libc_init_array
 .text.memset   0x0000000008009070       0x10 /opt/stm32cubeide/plugins/com.st.stm32cube.ide.mcu.externaltools.gnu-tools-for-stm32.9-2020-q2-update.linux64_1.5.0.202011040924/tools/bin/../lib/gcc/arm-none-eabi/9.3.1/../../../../arm-none-eabi/lib/thumb/v7e-m+fp/hard/libc_nano.a(lib_a-memset.o)
                0x0000000008009070                memset
 *(.glue_7)
 .glue_7        0x0000000008009080        0x0 linker stubs
 *(.glue_7t)
 .glue_7t       0x0000000008009080        0x0 linker stubs
 *(.eh_frame)
 .eh_frame      0x0000000008009080        0x0 /opt/stm32cubeide/plugins/com.st.stm32cube.ide.mcu.externaltools.gnu-tools-for-stm32.9-2020-q2-update.linux64_1.5.0.202011040924/tools/bin/../lib/gcc/arm-none-eabi/9.3.1/thumb/v7e-m+fp/hard/crtbegin.o
 *(.init)
 .init          0x0000000008009080        0x4 /opt/stm32cubeide/plugins/com.st.stm32cube.ide.mcu.externaltools.gnu-tools-for-stm32.9-2020-q2-update.linux64_1.5.0.202011040924/tools/bin/../lib/gcc/arm-none-eabi/9.3.1/thumb/v7e-m+fp/hard/crti.o
                0x0000000008009080                _init
 .init          0x0000000008009084        0x8 /opt/stm32cubeide/plugins/com.st.stm32cube.ide.mcu.externaltools.gnu-tools-for-stm32.9-2020-q2-update.linux64_1.5.0.202011040924/tools/bin/../lib/gcc/arm-none-eabi/9.3.1/thumb/v7e-m+fp/hard/crtn.o
 *(.fini)
 .fini          0x000000000800908c        0x4 /opt/stm32cubeide/plugins/com.st.stm32cube.ide.mcu.externaltools.gnu-tools-for-stm32.9-2020-q2-update.linux64_1.5.0.202011040924/tools/bin/../lib/gcc/arm-none-eabi/9.3.1/thumb/v7e-m+fp/hard/crti.o
                0x000000000800908c                _fini
 .fini          0x0000000008009090        0x8 /opt/stm32cubeide/plugins/com.st.stm32cube.ide.mcu.externaltools.gnu-tools-for-stm32.9-2020-q2-update.linux64_1.5.0.202011040924/tools/bin/../lib/gcc/arm-none-eabi/9.3.1/thumb/v7e-m+fp/hard/crtn.o
                0x0000000008009098                . = ALIGN (0x4)
                0x0000000008009098                _etext = .

.vfp11_veneer   0x0000000008009098        0x0
 .vfp11_veneer  0x0000000008009098        0x0 linker stubs

.v4_bx          0x0000000008009098        0x0
 .v4_bx         0x0000000008009098        0x0 linker stubs

.iplt           0x0000000008009098        0x0
 .iplt          0x0000000008009098        0x0 /opt/stm32cubeide/plugins/com.st.stm32cube.ide.mcu.externaltools.gnu-tools-for-stm32.9-2020-q2-update.linux64_1.5.0.202011040924/tools/bin/../lib/gcc/arm-none-eabi/9.3.1/thumb/v7e-m+fp/hard/crtbegin.o

.rodata         0x0000000008009098       0x88
                0x0000000008009098                . = ALIGN (0x4)
 *(.rodata)
 .rodata        0x0000000008009098       0x46 USB_DEVICE/App/usbd_desc.o
 *(.rodata*)
 *fill*         0x00000000080090de        0x2 
 .rodata.AHBPrescTable
                0x00000000080090e0       0x10 Core/Src/system_stm32l4xx.o
                0x00000000080090e0                AHBPrescTable
 .rodata.MSIRangeTable
                0x00000000080090f0       0x30 Core/Src/system_stm32l4xx.o
                0x00000000080090f0                MSIRangeTable
                0x0000000008009120                . = ALIGN (0x4)

.rel.dyn        0x0000000008009120        0x0
 .rel.iplt      0x0000000008009120        0x0 /opt/stm32cubeide/plugins/com.st.stm32cube.ide.mcu.externaltools.gnu-tools-for-stm32.9-2020-q2-update.linux64_1.5.0.202011040924/tools/bin/../lib/gcc/arm-none-eabi/9.3.1/thumb/v7e-m+fp/hard/crtbegin.o

.ARM.extab      0x0000000008009120        0x0
                0x0000000008009120                . = ALIGN (0x4)
 *(.ARM.extab* .gnu.linkonce.armextab.*)
                0x0000000008009120                . = ALIGN (0x4)

.ARM            0x0000000008009120        0x0
                0x0000000008009120                . = ALIGN (0x4)
                0x0000000008009120                __exidx_start = .
 *(.ARM.exidx*)
                0x0000000008009120                __exidx_end = .
                0x0000000008009120                . = ALIGN (0x4)

.preinit_array  0x0000000008009120        0x0
                0x0000000008009120                . = ALIGN (0x4)
                0x0000000008009120                PROVIDE (__preinit_array_start = .)
 *(.preinit_array*)
                0x0000000008009120                PROVIDE (__preinit_array_end = .)
                0x0000000008009120                . = ALIGN (0x4)

.init_array     0x0000000008009120        0x4
                0x0000000008009120                . = ALIGN (0x4)
                0x0000000008009120                PROVIDE (__init_array_start = .)
 *(SORT_BY_NAME(.init_array.*))
 *(.init_array*)
 .init_array    0x0000000008009120        0x4 /opt/stm32cubeide/plugins/com.st.stm32cube.ide.mcu.externaltools.gnu-tools-for-stm32.9-2020-q2-update.linux64_1.5.0.202011040924/tools/bin/../lib/gcc/arm-none-eabi/9.3.1/thumb/v7e-m+fp/hard/crtbegin.o
                0x0000000008009124                PROVIDE (__init_array_end = .)
                0x0000000008009124                . = ALIGN (0x4)

.fini_array     0x0000000008009124        0x4
                0x0000000008009124                . = ALIGN (0x4)
                [!provide]                        PROVIDE (__fini_array_start = .)
 *(SORT_BY_NAME(.fini_array.*))
 *(.fini_array*)
 .fini_array    0x0000000008009124        0x4 /opt/stm32cubeide/plugins/com.st.stm32cube.ide.mcu.externaltools.gnu-tools-for-stm32.9-2020-q2-update.linux64_1.5.0.202011040924/tools/bin/../lib/gcc/arm-none-eabi/9.3.1/thumb/v7e-m+fp/hard/crtbegin.o
                [!provide]                        PROVIDE (__fini_array_end = .)
                0x0000000008009128                . = ALIGN (0x4)
                0x0000000008009128                _sidata = LOADADDR (.data)

.data           0x0000000020000000      0x1f8 load address 0x0000000008009128
                0x0000000020000000                . = ALIGN (0x4)
                0x0000000020000000                _sdata = .
 *(.data)
 *(.data*)
 .data.ConErrMsg
                0x0000000020000000       0x35 Core/Src/main.o
                0x0000000020000000                ConErrMsg
 *fill*         0x0000000020000035        0x3 
 .data.ConResMsg
                0x0000000020000038       0x3d Core/Src/main.o
                0x0000000020000038                ConResMsg
 *fill*         0x0000000020000075        0x3 
 .data.SystemCoreClock
                0x0000000020000078        0x4 Core/Src/system_stm32l4xx.o
                0x0000000020000078                SystemCoreClock
 .data.uwTickPrio
                0x000000002000007c        0x4 Drivers/STM32L4xx_HAL_Driver/Src/stm32l4xx_hal.o
                0x000000002000007c                uwTickPrio
 .data.uwTickFreq
                0x0000000020000080        0x1 Drivers/STM32L4xx_HAL_Driver/Src/stm32l4xx_hal.o
                0x0000000020000080                uwTickFreq
 *fill*         0x0000000020000081        0x3 
 .data.USBD_CDC_DeviceQualifierDesc
                0x0000000020000084        0xa Middlewares/ST/STM32_USB_Device_Library/Class/CDC/Src/usbd_cdc.o
 *fill*         0x000000002000008e        0x2 
 .data.USBD_CDC
                0x0000000020000090       0x38 Middlewares/ST/STM32_USB_Device_Library/Class/CDC/Src/usbd_cdc.o
                0x0000000020000090                USBD_CDC
 .data.USBD_CDC_CfgHSDesc
                0x00000000200000c8       0x43 Middlewares/ST/STM32_USB_Device_Library/Class/CDC/Src/usbd_cdc.o
 *fill*         0x000000002000010b        0x1 
 .data.USBD_CDC_CfgFSDesc
                0x000000002000010c       0x43 Middlewares/ST/STM32_USB_Device_Library/Class/CDC/Src/usbd_cdc.o
 *fill*         0x000000002000014f        0x1 
 .data.USBD_CDC_OtherSpeedCfgDesc
                0x0000000020000150       0x43 Middlewares/ST/STM32_USB_Device_Library/Class/CDC/Src/usbd_cdc.o
 *fill*         0x0000000020000193        0x1 
 .data.USBD_Interface_fops_FS
                0x0000000020000194       0x14 USB_DEVICE/App/usbd_cdc_if.o
                0x0000000020000194                USBD_Interface_fops_FS
 .data.FS_Desc  0x00000000200001a8       0x1c USB_DEVICE/App/usbd_desc.o
                0x00000000200001a8                FS_Desc
 .data.USBD_FS_DeviceDesc
                0x00000000200001c4       0x12 USB_DEVICE/App/usbd_desc.o
                0x00000000200001c4                USBD_FS_DeviceDesc
 *fill*         0x00000000200001d6        0x2 
 .data.USBD_LangIDDesc
                0x00000000200001d8        0x4 USB_DEVICE/App/usbd_desc.o
                0x00000000200001d8                USBD_LangIDDesc
 .data.USBD_StringSerial
                0x00000000200001dc       0x1a USB_DEVICE/App/usbd_desc.o
                0x00000000200001dc                USBD_StringSerial
 *(.RamFunc)
 *(.RamFunc*)
                0x00000000200001f8                . = ALIGN (0x4)
 *fill*         0x00000000200001f6        0x2 
                0x00000000200001f8                _edata = .

.igot.plt       0x00000000200001f8        0x0 load address 0x0000000008009320
 .igot.plt      0x00000000200001f8        0x0 /opt/stm32cubeide/plugins/com.st.stm32cube.ide.mcu.externaltools.gnu-tools-for-stm32.9-2020-q2-update.linux64_1.5.0.202011040924/tools/bin/../lib/gcc/arm-none-eabi/9.3.1/thumb/v7e-m+fp/hard/crtbegin.o
                0x00000000200001f8                . = ALIGN (0x4)

.bss            0x00000000200001f8     0x1c58 load address 0x0000000008009320
                0x00000000200001f8                _sbss = .
                0x00000000200001f8                __bss_start__ = _sbss
 *(.bss)
 .bss           0x00000000200001f8       0x1c /opt/stm32cubeide/plugins/com.st.stm32cube.ide.mcu.externaltools.gnu-tools-for-stm32.9-2020-q2-update.linux64_1.5.0.202011040924/tools/bin/../lib/gcc/arm-none-eabi/9.3.1/thumb/v7e-m+fp/hard/crtbegin.o
 *(.bss*)
 .bss.TxData    0x0000000020000214        0x3 Core/Src/main.o
                0x0000000020000214                TxData
 *fill*         0x0000000020000217        0x1 
 .bss.TxDataSet
                0x0000000020000218        0x3 Core/Src/main.o
                0x0000000020000218                TxDataSet
 *fill*         0x000000002000021b        0x1 
 .bss.RxData    0x000000002000021c        0x3 Core/Src/main.o
                0x000000002000021c                RxData
 *fill*         0x000000002000021f        0x1 
 .bss.TxMailBox
                0x0000000020000220        0x4 Core/Src/main.o
                0x0000000020000220                TxMailBox
 .bss.ConnectionErr
                0x0000000020000224        0x1 Core/Src/main.o
                0x0000000020000224                ConnectionErr
 .bss.BlinkSkip
                0x0000000020000225        0x1 Core/Src/main.o
                0x0000000020000225                BlinkSkip
 .bss.cfgidx.11358
                0x0000000020000226        0x1 Middlewares/ST/STM32_USB_Device_Library/Core/Src/usbd_ctlreq.o
 .bss.NewMsgBit
                0x0000000020000227        0x1 USB_DEVICE/App/usbd_cdc_if.o
                0x0000000020000227                NewMsgBit
 .bss.mem.11500
                0x0000000020000228      0x220 USB_DEVICE/Target/usbd_conf.o
 *(COMMON)
 COMMON         0x0000000020000448       0x28 Core/Src/can.o
                0x0000000020000448                hcan1
 COMMON         0x0000000020000470       0x68 Core/Src/main.o
                0x0000000020000470                USB_Rx
                0x0000000020000474                TxHeader_SetLED
                0x000000002000048c                TxHeader
                0x00000000200004a4                TxHeader_Connectivity
                0x00000000200004bc                RxHeader
 COMMON         0x00000000200004d8       0x98 Core/Src/tim.o
                0x00000000200004d8                htim8
                0x0000000020000524                htim1
 COMMON         0x0000000020000570        0x4 Drivers/STM32L4xx_HAL_Driver/Src/stm32l4xx_hal.o
                0x0000000020000570                uwTick
 COMMON         0x0000000020000574      0x2d0 USB_DEVICE/App/usb_device.o
                0x0000000020000574                hUsbDeviceFS
 COMMON         0x0000000020000844     0x1004 USB_DEVICE/App/usbd_cdc_if.o
                0x0000000020000844                UserRxBufferFS
                0x0000000020001044                UserTxBufferFS
                0x0000000020001844                MsgFromUsb
 COMMON         0x0000000020001848      0x200 USB_DEVICE/App/usbd_desc.o
                0x0000000020001848                USBD_StrDesc
 COMMON         0x0000000020001a48      0x408 USB_DEVICE/Target/usbd_conf.o
                0x0000000020001a48                hpcd_USB_OTG_FS
                0x0000000020001e50                . = ALIGN (0x4)
                0x0000000020001e50                _ebss = .
                0x0000000020001e50                __bss_end__ = _ebss

._user_heap_stack
                0x0000000020001e50      0x600 load address 0x0000000008009320
                0x0000000020001e50                . = ALIGN (0x8)
                [!provide]                        PROVIDE (end = .)
                0x0000000020001e50                PROVIDE (_end = .)
                0x0000000020002050                . = (. + _Min_Heap_Size)
 *fill*         0x0000000020001e50      0x200 
                0x0000000020002450                . = (. + _Min_Stack_Size)
 *fill*         0x0000000020002050      0x400 
                0x0000000020002450                . = ALIGN (0x8)

/DISCARD/
 libc.a(*)
 libm.a(*)
 libgcc.a(*)

.ARM.attributes
                0x0000000000000000       0x30
 *(.ARM.attributes)
 .ARM.attributes
                0x0000000000000000       0x1e /opt/stm32cubeide/plugins/com.st.stm32cube.ide.mcu.externaltools.gnu-tools-for-stm32.9-2020-q2-update.linux64_1.5.0.202011040924/tools/bin/../lib/gcc/arm-none-eabi/9.3.1/thumb/v7e-m+fp/hard/crti.o
 .ARM.attributes
                0x000000000000001e       0x34 /opt/stm32cubeide/plugins/com.st.stm32cube.ide.mcu.externaltools.gnu-tools-for-stm32.9-2020-q2-update.linux64_1.5.0.202011040924/tools/bin/../lib/gcc/arm-none-eabi/9.3.1/thumb/v7e-m+fp/hard/crtbegin.o
 .ARM.attributes
                0x0000000000000052       0x34 Core/Src/can.o
 .ARM.attributes
                0x0000000000000086       0x34 Core/Src/gpio.o
 .ARM.attributes
                0x00000000000000ba       0x34 Core/Src/main.o
 .ARM.attributes
                0x00000000000000ee       0x34 Core/Src/stm32l4xx_hal_msp.o
 .ARM.attributes
                0x0000000000000122       0x34 Core/Src/stm32l4xx_it.o
 .ARM.attributes
                0x0000000000000156       0x34 Core/Src/system_stm32l4xx.o
 .ARM.attributes
                0x000000000000018a       0x34 Core/Src/tim.o
 .ARM.attributes
                0x00000000000001be       0x21 Core/Startup/startup_stm32l4r5zitx.o
 .ARM.attributes
                0x00000000000001df       0x34 Drivers/STM32L4xx_HAL_Driver/Src/stm32l4xx_hal.o
 .ARM.attributes
                0x0000000000000213       0x34 Drivers/STM32L4xx_HAL_Driver/Src/stm32l4xx_hal_can.o
 .ARM.attributes
                0x0000000000000247       0x34 Drivers/STM32L4xx_HAL_Driver/Src/stm32l4xx_hal_cortex.o
 .ARM.attributes
                0x000000000000027b       0x34 Drivers/STM32L4xx_HAL_Driver/Src/stm32l4xx_hal_gpio.o
 .ARM.attributes
                0x00000000000002af       0x34 Drivers/STM32L4xx_HAL_Driver/Src/stm32l4xx_hal_pcd.o
 .ARM.attributes
                0x00000000000002e3       0x34 Drivers/STM32L4xx_HAL_Driver/Src/stm32l4xx_hal_pcd_ex.o
 .ARM.attributes
                0x0000000000000317       0x34 Drivers/STM32L4xx_HAL_Driver/Src/stm32l4xx_hal_pwr_ex.o
 .ARM.attributes
                0x000000000000034b       0x34 Drivers/STM32L4xx_HAL_Driver/Src/stm32l4xx_hal_rcc.o
 .ARM.attributes
                0x000000000000037f       0x34 Drivers/STM32L4xx_HAL_Driver/Src/stm32l4xx_hal_rcc_ex.o
 .ARM.attributes
                0x00000000000003b3       0x34 Drivers/STM32L4xx_HAL_Driver/Src/stm32l4xx_hal_tim.o
 .ARM.attributes
                0x00000000000003e7       0x34 Drivers/STM32L4xx_HAL_Driver/Src/stm32l4xx_hal_tim_ex.o
 .ARM.attributes
                0x000000000000041b       0x34 Drivers/STM32L4xx_HAL_Driver/Src/stm32l4xx_ll_usb.o
 .ARM.attributes
                0x000000000000044f       0x34 Middlewares/ST/STM32_USB_Device_Library/Class/CDC/Src/usbd_cdc.o
 .ARM.attributes
                0x0000000000000483       0x34 Middlewares/ST/STM32_USB_Device_Library/Core/Src/usbd_core.o
 .ARM.attributes
                0x00000000000004b7       0x34 Middlewares/ST/STM32_USB_Device_Library/Core/Src/usbd_ctlreq.o
 .ARM.attributes
                0x00000000000004eb       0x34 Middlewares/ST/STM32_USB_Device_Library/Core/Src/usbd_ioreq.o
 .ARM.attributes
                0x000000000000051f       0x34 USB_DEVICE/App/usb_device.o
 .ARM.attributes
                0x0000000000000553       0x34 USB_DEVICE/App/usbd_cdc_if.o
 .ARM.attributes
                0x0000000000000587       0x34 USB_DEVICE/App/usbd_desc.o
 .ARM.attributes
                0x00000000000005bb       0x34 USB_DEVICE/Target/usbd_conf.o
 .ARM.attributes
                0x00000000000005ef       0x34 /opt/stm32cubeide/plugins/com.st.stm32cube.ide.mcu.externaltools.gnu-tools-for-stm32.9-2020-q2-update.linux64_1.5.0.202011040924/tools/bin/../lib/gcc/arm-none-eabi/9.3.1/../../../../arm-none-eabi/lib/thumb/v7e-m+fp/hard/libc_nano.a(lib_a-init.o)
 .ARM.attributes
                0x0000000000000623       0x34 /opt/stm32cubeide/plugins/com.st.stm32cube.ide.mcu.externaltools.gnu-tools-for-stm32.9-2020-q2-update.linux64_1.5.0.202011040924/tools/bin/../lib/gcc/arm-none-eabi/9.3.1/../../../../arm-none-eabi/lib/thumb/v7e-m+fp/hard/libc_nano.a(lib_a-memset.o)
 .ARM.attributes
                0x0000000000000657       0x17 /opt/stm32cubeide/plugins/com.st.stm32cube.ide.mcu.externaltools.gnu-tools-for-stm32.9-2020-q2-update.linux64_1.5.0.202011040924/tools/bin/../lib/gcc/arm-none-eabi/9.3.1/../../../../arm-none-eabi/lib/thumb/v7e-m+fp/hard/libc_nano.a(lib_a-strlen.o)
 .ARM.attributes
                0x000000000000066e       0x1e /opt/stm32cubeide/plugins/com.st.stm32cube.ide.mcu.externaltools.gnu-tools-for-stm32.9-2020-q2-update.linux64_1.5.0.202011040924/tools/bin/../lib/gcc/arm-none-eabi/9.3.1/thumb/v7e-m+fp/hard/crtn.o
OUTPUT(Loopback CAN 2.elf elf32-littlearm)
LOAD linker stubs
LOAD /opt/stm32cubeide/plugins/com.st.stm32cube.ide.mcu.externaltools.gnu-tools-for-stm32.9-2020-q2-update.linux64_1.5.0.202011040924/tools/bin/../lib/gcc/arm-none-eabi/9.3.1/../../../../arm-none-eabi/lib/thumb/v7e-m+fp/hard/libc.a
LOAD /opt/stm32cubeide/plugins/com.st.stm32cube.ide.mcu.externaltools.gnu-tools-for-stm32.9-2020-q2-update.linux64_1.5.0.202011040924/tools/bin/../lib/gcc/arm-none-eabi/9.3.1/../../../../arm-none-eabi/lib/thumb/v7e-m+fp/hard/libm.a
LOAD /opt/stm32cubeide/plugins/com.st.stm32cube.ide.mcu.externaltools.gnu-tools-for-stm32.9-2020-q2-update.linux64_1.5.0.202011040924/tools/bin/../lib/gcc/arm-none-eabi/9.3.1/thumb/v7e-m+fp/hard/libgcc.a

.debug_info     0x0000000000000000    0x20c1c
 .debug_info    0x0000000000000000      0xe22 Core/Src/can.o
 .debug_info    0x0000000000000e22      0x986 Core/Src/gpio.o
 .debug_info    0x00000000000017a8     0x2808 Core/Src/main.o
 .debug_info    0x0000000000003fb0      0x57d Core/Src/stm32l4xx_hal_msp.o
 .debug_info    0x000000000000452d     0x13b0 Core/Src/stm32l4xx_it.o
 .debug_info    0x00000000000058dd      0x7b1 Core/Src/system_stm32l4xx.o
 .debug_info    0x000000000000608e     0x1028 Core/Src/tim.o
 .debug_info    0x00000000000070b6       0x22 Core/Startup/startup_stm32l4r5zitx.o
 .debug_info    0x00000000000070d8      0xd17 Drivers/STM32L4xx_HAL_Driver/Src/stm32l4xx_hal.o
 .debug_info    0x0000000000007def     0x122f Drivers/STM32L4xx_HAL_Driver/Src/stm32l4xx_hal_can.o
 .debug_info    0x000000000000901e     0x1046 Drivers/STM32L4xx_HAL_Driver/Src/stm32l4xx_hal_cortex.o
 .debug_info    0x000000000000a064      0xa97 Drivers/STM32L4xx_HAL_Driver/Src/stm32l4xx_hal_gpio.o
 .debug_info    0x000000000000aafb     0x13e2 Drivers/STM32L4xx_HAL_Driver/Src/stm32l4xx_hal_pcd.o
 .debug_info    0x000000000000bedd      0xa9f Drivers/STM32L4xx_HAL_Driver/Src/stm32l4xx_hal_pcd_ex.o
 .debug_info    0x000000000000c97c      0xc6e Drivers/STM32L4xx_HAL_Driver/Src/stm32l4xx_hal_pwr_ex.o
 .debug_info    0x000000000000d5ea      0xf37 Drivers/STM32L4xx_HAL_Driver/Src/stm32l4xx_hal_rcc.o
 .debug_info    0x000000000000e521     0x13a0 Drivers/STM32L4xx_HAL_Driver/Src/stm32l4xx_hal_rcc_ex.o
 .debug_info    0x000000000000f8c1     0x2dd3 Drivers/STM32L4xx_HAL_Driver/Src/stm32l4xx_hal_tim.o
 .debug_info    0x0000000000012694     0x192d Drivers/STM32L4xx_HAL_Driver/Src/stm32l4xx_hal_tim_ex.o
 .debug_info    0x0000000000013fc1     0x1c05 Drivers/STM32L4xx_HAL_Driver/Src/stm32l4xx_ll_usb.o
 .debug_info    0x0000000000015bc6     0x1b33 Middlewares/ST/STM32_USB_Device_Library/Class/CDC/Src/usbd_cdc.o
 .debug_info    0x00000000000176f9     0x14f8 Middlewares/ST/STM32_USB_Device_Library/Core/Src/usbd_core.o
 .debug_info    0x0000000000018bf1     0x14c4 Middlewares/ST/STM32_USB_Device_Library/Core/Src/usbd_ctlreq.o
 .debug_info    0x000000000001a0b5     0x11e6 Middlewares/ST/STM32_USB_Device_Library/Core/Src/usbd_ioreq.o
 .debug_info    0x000000000001b29b     0x114f USB_DEVICE/App/usb_device.o
 .debug_info    0x000000000001c3ea     0x13bb USB_DEVICE/App/usbd_cdc_if.o
 .debug_info    0x000000000001d7a5      0xf4b USB_DEVICE/App/usbd_desc.o
 .debug_info    0x000000000001e6f0     0x252c USB_DEVICE/Target/usbd_conf.o

.debug_abbrev   0x0000000000000000     0x3fab
 .debug_abbrev  0x0000000000000000      0x1de Core/Src/can.o
 .debug_abbrev  0x00000000000001de      0x157 Core/Src/gpio.o
 .debug_abbrev  0x0000000000000335      0x2f2 Core/Src/main.o
 .debug_abbrev  0x0000000000000627      0x13d Core/Src/stm32l4xx_hal_msp.o
 .debug_abbrev  0x0000000000000764      0x1f2 Core/Src/stm32l4xx_it.o
 .debug_abbrev  0x0000000000000956      0x165 Core/Src/system_stm32l4xx.o
 .debug_abbrev  0x0000000000000abb      0x1c6 Core/Src/tim.o
 .debug_abbrev  0x0000000000000c81       0x12 Core/Startup/startup_stm32l4r5zitx.o
 .debug_abbrev  0x0000000000000c93      0x227 Drivers/STM32L4xx_HAL_Driver/Src/stm32l4xx_hal.o
 .debug_abbrev  0x0000000000000eba      0x27d Drivers/STM32L4xx_HAL_Driver/Src/stm32l4xx_hal_can.o
 .debug_abbrev  0x0000000000001137      0x33c Drivers/STM32L4xx_HAL_Driver/Src/stm32l4xx_hal_cortex.o
 .debug_abbrev  0x0000000000001473      0x1e8 Drivers/STM32L4xx_HAL_Driver/Src/stm32l4xx_hal_gpio.o
 .debug_abbrev  0x000000000000165b      0x2a0 Drivers/STM32L4xx_HAL_Driver/Src/stm32l4xx_hal_pcd.o
 .debug_abbrev  0x00000000000018fb      0x246 Drivers/STM32L4xx_HAL_Driver/Src/stm32l4xx_hal_pcd_ex.o
 .debug_abbrev  0x0000000000001b41      0x1f3 Drivers/STM32L4xx_HAL_Driver/Src/stm32l4xx_hal_pwr_ex.o
 .debug_abbrev  0x0000000000001d34      0x2b1 Drivers/STM32L4xx_HAL_Driver/Src/stm32l4xx_hal_rcc.o
 .debug_abbrev  0x0000000000001fe5      0x268 Drivers/STM32L4xx_HAL_Driver/Src/stm32l4xx_hal_rcc_ex.o
 .debug_abbrev  0x000000000000224d      0x25e Drivers/STM32L4xx_HAL_Driver/Src/stm32l4xx_hal_tim.o
 .debug_abbrev  0x00000000000024ab      0x266 Drivers/STM32L4xx_HAL_Driver/Src/stm32l4xx_hal_tim_ex.o
 .debug_abbrev  0x0000000000002711      0x2a7 Drivers/STM32L4xx_HAL_Driver/Src/stm32l4xx_ll_usb.o
 .debug_abbrev  0x00000000000029b8      0x2fc Middlewares/ST/STM32_USB_Device_Library/Class/CDC/Src/usbd_cdc.o
 .debug_abbrev  0x0000000000002cb4      0x2b7 Middlewares/ST/STM32_USB_Device_Library/Core/Src/usbd_core.o
 .debug_abbrev  0x0000000000002f6b      0x2fc Middlewares/ST/STM32_USB_Device_Library/Core/Src/usbd_ctlreq.o
 .debug_abbrev  0x0000000000003267      0x22a Middlewares/ST/STM32_USB_Device_Library/Core/Src/usbd_ioreq.o
 .debug_abbrev  0x0000000000003491      0x204 USB_DEVICE/App/usb_device.o
 .debug_abbrev  0x0000000000003695      0x328 USB_DEVICE/App/usbd_cdc_if.o
 .debug_abbrev  0x00000000000039bd      0x2aa USB_DEVICE/App/usbd_desc.o
 .debug_abbrev  0x0000000000003c67      0x344 USB_DEVICE/Target/usbd_conf.o

.debug_aranges  0x0000000000000000     0x1548
 .debug_aranges
                0x0000000000000000       0x30 Core/Src/can.o
 .debug_aranges
                0x0000000000000030       0x20 Core/Src/gpio.o
 .debug_aranges
                0x0000000000000050       0x50 Core/Src/main.o
 .debug_aranges
                0x00000000000000a0       0x20 Core/Src/stm32l4xx_hal_msp.o
 .debug_aranges
                0x00000000000000c0       0x88 Core/Src/stm32l4xx_it.o
 .debug_aranges
                0x0000000000000148       0x28 Core/Src/system_stm32l4xx.o
 .debug_aranges
                0x0000000000000170       0x38 Core/Src/tim.o
 .debug_aranges
                0x00000000000001a8       0x28 Core/Startup/startup_stm32l4r5zitx.o
 .debug_aranges
                0x00000000000001d0      0x130 Drivers/STM32L4xx_HAL_Driver/Src/stm32l4xx_hal.o
 .debug_aranges
                0x0000000000000300      0x138 Drivers/STM32L4xx_HAL_Driver/Src/stm32l4xx_hal_can.o
 .debug_aranges
                0x0000000000000438      0x118 Drivers/STM32L4xx_HAL_Driver/Src/stm32l4xx_hal_cortex.o
 .debug_aranges
                0x0000000000000550       0x58 Drivers/STM32L4xx_HAL_Driver/Src/stm32l4xx_hal_gpio.o
 .debug_aranges
                0x00000000000005a8      0x130 Drivers/STM32L4xx_HAL_Driver/Src/stm32l4xx_hal_pcd.o
 .debug_aranges
                0x00000000000006d8       0x60 Drivers/STM32L4xx_HAL_Driver/Src/stm32l4xx_hal_pcd_ex.o
 .debug_aranges
                0x0000000000000738      0x170 Drivers/STM32L4xx_HAL_Driver/Src/stm32l4xx_hal_pwr_ex.o
 .debug_aranges
                0x00000000000008a8       0x90 Drivers/STM32L4xx_HAL_Driver/Src/stm32l4xx_hal_rcc.o
 .debug_aranges
                0x0000000000000938      0x110 Drivers/STM32L4xx_HAL_Driver/Src/stm32l4xx_hal_rcc_ex.o
 .debug_aranges
                0x0000000000000a48      0x3e0 Drivers/STM32L4xx_HAL_Driver/Src/stm32l4xx_hal_tim.o
 .debug_aranges
                0x0000000000000e28      0x180 Drivers/STM32L4xx_HAL_Driver/Src/stm32l4xx_hal_tim_ex.o
 .debug_aranges
                0x0000000000000fa8      0x198 Drivers/STM32L4xx_HAL_Driver/Src/stm32l4xx_ll_usb.o
 .debug_aranges
                0x0000000000001140       0x90 Middlewares/ST/STM32_USB_Device_Library/Class/CDC/Src/usbd_cdc.o
 .debug_aranges
                0x00000000000011d0       0xb8 Middlewares/ST/STM32_USB_Device_Library/Core/Src/usbd_core.o
 .debug_aranges
                0x0000000000001288       0x90 Middlewares/ST/STM32_USB_Device_Library/Core/Src/usbd_ctlreq.o
 .debug_aranges
                0x0000000000001318       0x50 Middlewares/ST/STM32_USB_Device_Library/Core/Src/usbd_ioreq.o
 .debug_aranges
                0x0000000000001368       0x20 USB_DEVICE/App/usb_device.o
 .debug_aranges
                0x0000000000001388       0x50 USB_DEVICE/App/usbd_cdc_if.o
 .debug_aranges
                0x00000000000013d8       0x60 USB_DEVICE/App/usbd_desc.o
 .debug_aranges
                0x0000000000001438      0x110 USB_DEVICE/Target/usbd_conf.o

.debug_ranges   0x0000000000000000     0x1390
 .debug_ranges  0x0000000000000000       0x20 Core/Src/can.o
 .debug_ranges  0x0000000000000020       0x10 Core/Src/gpio.o
 .debug_ranges  0x0000000000000030       0x40 Core/Src/main.o
 .debug_ranges  0x0000000000000070       0x10 Core/Src/stm32l4xx_hal_msp.o
 .debug_ranges  0x0000000000000080       0x78 Core/Src/stm32l4xx_it.o
 .debug_ranges  0x00000000000000f8       0x18 Core/Src/system_stm32l4xx.o
 .debug_ranges  0x0000000000000110       0x28 Core/Src/tim.o
 .debug_ranges  0x0000000000000138       0x20 Core/Startup/startup_stm32l4r5zitx.o
 .debug_ranges  0x0000000000000158      0x120 Drivers/STM32L4xx_HAL_Driver/Src/stm32l4xx_hal.o
 .debug_ranges  0x0000000000000278      0x128 Drivers/STM32L4xx_HAL_Driver/Src/stm32l4xx_hal_can.o
 .debug_ranges  0x00000000000003a0      0x108 Drivers/STM32L4xx_HAL_Driver/Src/stm32l4xx_hal_cortex.o
 .debug_ranges  0x00000000000004a8       0x48 Drivers/STM32L4xx_HAL_Driver/Src/stm32l4xx_hal_gpio.o
 .debug_ranges  0x00000000000004f0      0x120 Drivers/STM32L4xx_HAL_Driver/Src/stm32l4xx_hal_pcd.o
 .debug_ranges  0x0000000000000610       0x50 Drivers/STM32L4xx_HAL_Driver/Src/stm32l4xx_hal_pcd_ex.o
 .debug_ranges  0x0000000000000660      0x160 Drivers/STM32L4xx_HAL_Driver/Src/stm32l4xx_hal_pwr_ex.o
 .debug_ranges  0x00000000000007c0       0x80 Drivers/STM32L4xx_HAL_Driver/Src/stm32l4xx_hal_rcc.o
 .debug_ranges  0x0000000000000840      0x100 Drivers/STM32L4xx_HAL_Driver/Src/stm32l4xx_hal_rcc_ex.o
 .debug_ranges  0x0000000000000940      0x3d0 Drivers/STM32L4xx_HAL_Driver/Src/stm32l4xx_hal_tim.o
 .debug_ranges  0x0000000000000d10      0x170 Drivers/STM32L4xx_HAL_Driver/Src/stm32l4xx_hal_tim_ex.o
 .debug_ranges  0x0000000000000e80      0x188 Drivers/STM32L4xx_HAL_Driver/Src/stm32l4xx_ll_usb.o
 .debug_ranges  0x0000000000001008       0x80 Middlewares/ST/STM32_USB_Device_Library/Class/CDC/Src/usbd_cdc.o
 .debug_ranges  0x0000000000001088       0xa8 Middlewares/ST/STM32_USB_Device_Library/Core/Src/usbd_core.o
 .debug_ranges  0x0000000000001130       0x80 Middlewares/ST/STM32_USB_Device_Library/Core/Src/usbd_ctlreq.o
 .debug_ranges  0x00000000000011b0       0x40 Middlewares/ST/STM32_USB_Device_Library/Core/Src/usbd_ioreq.o
 .debug_ranges  0x00000000000011f0       0x10 USB_DEVICE/App/usb_device.o
 .debug_ranges  0x0000000000001200       0x40 USB_DEVICE/App/usbd_cdc_if.o
 .debug_ranges  0x0000000000001240       0x50 USB_DEVICE/App/usbd_desc.o
 .debug_ranges  0x0000000000001290      0x100 USB_DEVICE/Target/usbd_conf.o

.debug_macro    0x0000000000000000    0x2dce1
 .debug_macro   0x0000000000000000      0x21a Core/Src/can.o
 .debug_macro   0x000000000000021a      0xaa8 Core/Src/can.o
 .debug_macro   0x0000000000000cc2      0x1b3 Core/Src/can.o
 .debug_macro   0x0000000000000e75       0x2e Core/Src/can.o
 .debug_macro   0x0000000000000ea3       0x28 Core/Src/can.o
 .debug_macro   0x0000000000000ecb       0x22 Core/Src/can.o
 .debug_macro   0x0000000000000eed       0x8e Core/Src/can.o
 .debug_macro   0x0000000000000f7b       0x51 Core/Src/can.o
 .debug_macro   0x0000000000000fcc      0x103 Core/Src/can.o
 .debug_macro   0x00000000000010cf       0x6a Core/Src/can.o
 .debug_macro   0x0000000000001139      0x1df Core/Src/can.o
 .debug_macro   0x0000000000001318       0x1c Core/Src/can.o
 .debug_macro   0x0000000000001334       0x22 Core/Src/can.o
 .debug_macro   0x0000000000001356      0x101 Core/Src/can.o
 .debug_macro   0x0000000000001457     0x1011 Core/Src/can.o
 .debug_macro   0x0000000000002468      0x11f Core/Src/can.o
 .debug_macro   0x0000000000002587    0x1cb64 Core/Src/can.o
 .debug_macro   0x000000000001f0eb       0x43 Core/Src/can.o
 .debug_macro   0x000000000001f12e     0x389e Core/Src/can.o
 .debug_macro   0x00000000000229cc      0x174 Core/Src/can.o
 .debug_macro   0x0000000000022b40       0x5c Core/Src/can.o
 .debug_macro   0x0000000000022b9c     0x1845 Core/Src/can.o
 .debug_macro   0x00000000000243e1      0x7d5 Core/Src/can.o
 .debug_macro   0x0000000000024bb6      0x13d Core/Src/can.o
 .debug_macro   0x0000000000024cf3      0x225 Core/Src/can.o
 .debug_macro   0x0000000000024f18      0x486 Core/Src/can.o
 .debug_macro   0x000000000002539e      0x1cf Core/Src/can.o
 .debug_macro   0x000000000002556d       0x43 Core/Src/can.o
 .debug_macro   0x00000000000255b0      0x23d Core/Src/can.o
 .debug_macro   0x00000000000257ed      0x408 Core/Src/can.o
 .debug_macro   0x0000000000025bf5      0x241 Core/Src/can.o
 .debug_macro   0x0000000000025e36      0x416 Core/Src/can.o
 .debug_macro   0x000000000002624c       0x1c Core/Src/can.o
 .debug_macro   0x0000000000026268       0xf2 Core/Src/can.o
 .debug_macro   0x000000000002635a      0x22c Core/Src/can.o
 .debug_macro   0x0000000000026586       0x61 Core/Src/can.o
 .debug_macro   0x00000000000265e7       0xa5 Core/Src/can.o
 .debug_macro   0x000000000002668c      0x1ed Core/Src/can.o
 .debug_macro   0x0000000000026879       0x97 Core/Src/can.o
 .debug_macro   0x0000000000026910      0x122 Core/Src/can.o
 .debug_macro   0x0000000000026a32      0x3f7 Core/Src/can.o
 .debug_macro   0x0000000000026e29      0xa75 Core/Src/can.o
 .debug_macro   0x000000000002789e      0x197 Core/Src/can.o
 .debug_macro   0x0000000000027a35      0x433 Core/Src/can.o
 .debug_macro   0x0000000000027e68       0xe2 Core/Src/can.o
 .debug_macro   0x0000000000027f4a      0x21a Core/Src/gpio.o
 .debug_macro   0x0000000000028164      0x479 Core/Src/main.o
 .debug_macro   0x00000000000285dd       0x52 Core/Src/main.o
 .debug_macro   0x000000000002862f       0x18 Core/Src/main.o
 .debug_macro   0x0000000000028647       0x3c Core/Src/main.o
 .debug_macro   0x0000000000028683       0x34 Core/Src/main.o
 .debug_macro   0x00000000000286b7       0x16 Core/Src/main.o
 .debug_macro   0x00000000000286cd       0x35 Core/Src/main.o
 .debug_macro   0x0000000000028702      0x333 Core/Src/main.o
 .debug_macro   0x0000000000028a35       0x10 Core/Src/main.o
 .debug_macro   0x0000000000028a45       0x16 Core/Src/main.o
 .debug_macro   0x0000000000028a5b       0x43 Core/Src/main.o
 .debug_macro   0x0000000000028a9e       0x34 Core/Src/main.o
 .debug_macro   0x0000000000028ad2       0x10 Core/Src/main.o
 .debug_macro   0x0000000000028ae2       0x58 Core/Src/main.o
 .debug_macro   0x0000000000028b3a       0x71 Core/Src/main.o
 .debug_macro   0x0000000000028bab       0x1c Core/Src/main.o
 .debug_macro   0x0000000000028bc7      0x12a Core/Src/main.o
 .debug_macro   0x0000000000028cf1       0x10 Core/Src/main.o
 .debug_macro   0x0000000000028d01       0x1c Core/Src/main.o
 .debug_macro   0x0000000000028d1d       0x52 Core/Src/main.o
 .debug_macro   0x0000000000028d6f       0x22 Core/Src/main.o
 .debug_macro   0x0000000000028d91       0x10 Core/Src/main.o
 .debug_macro   0x0000000000028da1       0x40 Core/Src/main.o
 .debug_macro   0x0000000000028de1       0xd5 Core/Src/main.o
 .debug_macro   0x0000000000028eb6       0x1c Core/Src/main.o
 .debug_macro   0x0000000000028ed2       0x3d Core/Src/main.o
 .debug_macro   0x0000000000028f0f       0x16 Core/Src/main.o
 .debug_macro   0x0000000000028f25      0x145 Core/Src/main.o
 .debug_macro   0x000000000002906a       0x16 Core/Src/main.o
 .debug_macro   0x0000000000029080       0x16 Core/Src/main.o
 .debug_macro   0x0000000000029096       0x29 Core/Src/main.o
 .debug_macro   0x00000000000290bf       0x16 Core/Src/main.o
 .debug_macro   0x00000000000290d5       0x20 Core/Src/main.o
 .debug_macro   0x00000000000290f5       0x5f Core/Src/main.o
 .debug_macro   0x0000000000029154      0x1ef Core/Src/main.o
 .debug_macro   0x0000000000029343       0x95 Core/Src/main.o
 .debug_macro   0x00000000000293d8       0x10 Core/Src/main.o
 .debug_macro   0x00000000000293e8      0x210 Core/Src/stm32l4xx_hal_msp.o
 .debug_macro   0x00000000000295f8      0x21a Core/Src/stm32l4xx_it.o
 .debug_macro   0x0000000000029812      0x201 Core/Src/system_stm32l4xx.o
 .debug_macro   0x0000000000029a13      0x21a Core/Src/tim.o
 .debug_macro   0x0000000000029c2d      0x24f Drivers/STM32L4xx_HAL_Driver/Src/stm32l4xx_hal.o
 .debug_macro   0x0000000000029e7c      0x209 Drivers/STM32L4xx_HAL_Driver/Src/stm32l4xx_hal_can.o
 .debug_macro   0x000000000002a085      0x201 Drivers/STM32L4xx_HAL_Driver/Src/stm32l4xx_hal_cortex.o
 .debug_macro   0x000000000002a286      0x240 Drivers/STM32L4xx_HAL_Driver/Src/stm32l4xx_hal_gpio.o
 .debug_macro   0x000000000002a4c6      0x20d Drivers/STM32L4xx_HAL_Driver/Src/stm32l4xx_hal_pcd.o
 .debug_macro   0x000000000002a6d3      0x201 Drivers/STM32L4xx_HAL_Driver/Src/stm32l4xx_hal_pcd_ex.o
 .debug_macro   0x000000000002a8d4      0x22b Drivers/STM32L4xx_HAL_Driver/Src/stm32l4xx_hal_pwr_ex.o
 .debug_macro   0x000000000002aaff      0x243 Drivers/STM32L4xx_HAL_Driver/Src/stm32l4xx_hal_rcc.o
 .debug_macro   0x000000000002ad42      0x237 Drivers/STM32L4xx_HAL_Driver/Src/stm32l4xx_hal_rcc_ex.o
 .debug_macro   0x000000000002af79      0x202 Drivers/STM32L4xx_HAL_Driver/Src/stm32l4xx_hal_tim.o
 .debug_macro   0x000000000002b17b      0x201 Drivers/STM32L4xx_HAL_Driver/Src/stm32l4xx_hal_tim_ex.o
 .debug_macro   0x000000000002b37c      0x201 Drivers/STM32L4xx_HAL_Driver/Src/stm32l4xx_ll_usb.o
 .debug_macro   0x000000000002b57d      0x426 Middlewares/ST/STM32_USB_Device_Library/Class/CDC/Src/usbd_cdc.o
 .debug_macro   0x000000000002b9a3       0x97 Middlewares/ST/STM32_USB_Device_Library/Class/CDC/Src/usbd_cdc.o
 .debug_macro   0x000000000002ba3a       0xfd Middlewares/ST/STM32_USB_Device_Library/Class/CDC/Src/usbd_cdc.o
 .debug_macro   0x000000000002bb37       0xfb Middlewares/ST/STM32_USB_Device_Library/Class/CDC/Src/usbd_cdc.o
 .debug_macro   0x000000000002bc32       0x56 Middlewares/ST/STM32_USB_Device_Library/Class/CDC/Src/usbd_cdc.o
 .debug_macro   0x000000000002bc88      0x40d Middlewares/ST/STM32_USB_Device_Library/Core/Src/usbd_core.o